09-08 01:05:40.183 29345 30490 I ChromePhotosDataPlane: phase=worker_ready correlationId=c217 admissionWaitMs=0.668
09-08 01:05:40.211 29345 30504 I ChromePhotosDataPlane: phase=tls_ready correlationId=c204 hostClass=network hostHash=80255870a6218fe0 clientProtocol=http/1.1 ca=3422fbf5942e56a7
09-08 01:05:40.244 29345 30175 I ChromePhotosDataPlane: phase=tls_ready correlationId=c206 hostClass=network hostHash=505bd18b6650e44b clientProtocol=http/1.1 ca=3422fbf5942e56a7
09-08 01:05:40.424 29345 30175 I ChromePhotosDataPlane: origin=real hostClass=network hostHash=505bd18b6650e44b method=POST clientProtocol=http/1.1 upstreamProtocol=h2 status=204 contentType=text/plain bytesOut=0 transfer=fixed upstreamHeadersMs=174.076 downstreamWriteMs=1.131
09-08 01:05:40.433 29345 30465 I ChromePhotosDataPlane: phase=worker_ready correlationId=c218 admissionWaitMs=0.141
09-08 01:05:40.690 29345 30474 I ChromePhotosDataPlane: phase=worker_ready correlationId=c219 admissionWaitMs=0.800
09-08 01:05:40.710 29345 30486 I ChromePhotosDataPlane: phase=tls_ready correlationId=c208 hostClass=network hostHash=7ffe8698ca81d914 clientProtocol=http/1.1 ca=3422fbf5942e56a7
09-08 01:05:40.774 29345 30504 I ChromePhotosDataPlane: origin=real hostClass=network hostHash=80255870a6218fe0 method=GET clientProtocol=http/1.1 upstreamProtocol=h2 status=200 contentType=image/webp bytesIn=30320 bytesOut=30320 cache=miss decision=safe reason=model_allow source=engine probability=0.006820023 basis=None decodeMs=18.607 inferenceMs=352.605 localDecisionMs=372.204  requestToDeliveryMs=560.799 upstreamHeadersMs=147.320 sanitizeMs=401.629 downstreamWriteMs=8.397
09-08 01:05:40.891 29345 30486 I ChromePhotosDataPlane: origin=real hostClass=network hostHash=7ffe8698ca81d914 method=GET clientProtocol=http/1.1 upstreamProtocol=h2 status=200 contentType=image/png bytesIn=42 bytesOut=6303 cache=miss decision=unknown reason=unsupported_gif source=error probability=-1.0 basis=none decodeMs=0.000 inferenceMs=0.000 localDecisionMs=0.000  requestToDeliveryMs=179.924 upstreamHeadersMs=176.009 sanitizeMs=1.279 downstreamWriteMs=1.247
09-08 01:05:40.916 29345 30567 I ChromePhotosDataPlane: phase=tls_ready correlationId=c209 hostClass=network hostHash=3aeb002460381c6f clientProtocol=http/1.1 ca=3422fbf5942e56a7
09-08 01:05:40.933 29345 30547 I ChromePhotosDataPlane: phase=worker_ready correlationId=c220 admissionWaitMs=0.163
09-08 01:05:41.190 29345 30149 I ChromePhotosDataPlane: phase=worker_ready correlationId=c221 admissionWaitMs=0.452
09-08 01:05:41.423 29345 30567 I ChromePhotosDataPlane: origin=real hostClass=network hostHash=3aeb002460381c6f method=GET clientProtocol=http/1.1 upstreamProtocol=h2 status=302 contentType= bytesIn=0 bytesOut=0 cache=miss decision=passthrough  requestToDeliveryMs=506.545 upstreamHeadersMs=501.984 sanitizeMs=0.785 downstreamWriteMs=1.118
09-08 01:05:41.445 29345 30566 I ChromePhotosDataPlane: phase=tls_ready correlationId=c210 hostClass=network hostHash=1f6baa4a359d00da clientProtocol=http/1.1 ca=3422fbf5942e56a7
09-08 01:05:41.809 29345 30309 I ChromePhotosDataPlane: phase=tls_ready correlationId=c215 hostClass=network hostHash=fc1e48f201e43606 clientProtocol=http/1.1 ca=3422fbf5942e56a7
09-08 01:05:42.124 29345 30454 I ChromePhotosDataPlane: phase=tls_ready correlationId=c205 hostClass=network hostHash=9b0ff8cd24a50ec9 clientProtocol=http/1.1 ca=3422fbf5942e56a7
09-08 01:05:42.134 29345 30261 I ChromePhotosDataPlane: phase=tls_ready correlationId=c207 hostClass=network hostHash=9b0ff8cd24a50ec9 clientProtocol=http/1.1 ca=3422fbf5942e56a7
09-08 01:05:42.134 29345 30467 I ChromePhotosDataPlane: phase=tls_ready correlationId=c203 hostClass=network hostHash=9b0ff8cd24a50ec9 clientProtocol=http/1.1 ca=3422fbf5942e56a7
09-08 01:05:42.372 29345 30566 I ChromePhotosDataPlane: origin=real hostClass=network hostHash=1f6baa4a359d00da method=GET clientProtocol=http/1.1 upstreamProtocol=h2 status=200 contentType=image/avif bytesIn=28133 bytesOut=28133 cache=miss decision=safe reason=model_allow source=engine probability=0.0050848126 basis=None decodeMs=460.503 inferenceMs=140.170 localDecisionMs=602.579  requestToDeliveryMs=926.053 upstreamHeadersMs=310.173 sanitizeMs=608.121 downstreamWriteMs=3.321
09-08 01:05:42.379 29345 30514 I ChromePhotosDataPlane: phase=worker_ready correlationId=c222 admissionWaitMs=0.566
09-08 01:05:42.471 29345 30566 I ChromePhotosDataPlane: origin=real hostClass=network hostHash=1f6baa4a359d00da method=GET clientProtocol=http/1.1 upstreamProtocol=h2 status=200 contentType=image/avif bytesIn=28133 bytesOut=28133 cache=hit decision=safe reason=model_allow source=cache probability=0.0050848126 basis=None decodeMs=0.000 inferenceMs=0.000 localDecisionMs=0.078  requestToDeliveryMs=61.259 upstreamHeadersMs=47.166 sanitizeMs=8.671 downstreamWriteMs=1.771
09-08 01:05:42.490 29345 30252 I ChromePhotosDataPlane: phase=tls_ready correlationId=c214 hostClass=network hostHash=466884c463494e8a clientProtocol=http/1.1 ca=3422fbf5942e56a7
09-08 01:05:42.494 29345 30262 I ChromePhotosDataPlane: phase=tls_ready correlationId=c213 hostClass=network hostHash=466884c463494e8a clientProtocol=http/1.1 ca=3422fbf5942e56a7
09-08 01:05:42.502 29345 30476 I ChromePhotosDataPlane: phase=tls_ready correlationId=c211 hostClass=network hostHash=466884c463494e8a clientProtocol=http/1.1 ca=3422fbf5942e56a7
09-08 01:05:42.503 29345 30505 I ChromePhotosDataPlane: phase=tls_ready correlationId=c212 hostClass=network hostHash=466884c463494e8a clientProtocol=http/1.1 ca=3422fbf5942e56a7
09-08 01:05:42.808 29345 30309 I ChromePhotosDataPlane: origin=real hostClass=network hostHash=fc1e48f201e43606 method=POST clientProtocol=http/1.1 upstreamProtocol=h2 status=200 contentType=application/json bytesOut=0 transfer=fixed upstreamHeadersMs=995.380 downstreamWriteMs=0.674
09-08 01:05:42.966 29345 30244 I ChromePhotosDataPlane: phase=tls_ready correlationId=c216 hostClass=fixture hostHash=1c728e158a8cddb0 clientProtocol=http/1.1 ca=3422fbf5942e56a7
09-08 01:05:42.969 29345 30465 I ChromePhotosDataPlane: phase=tls_ready correlationId=c218 hostClass=fixture hostHash=1c728e158a8cddb0 clientProtocol=http/1.1 ca=3422fbf5942e56a7
09-08 01:05:42.971 29345 30547 I ChromePhotosDataPlane: phase=tls_ready correlationId=c220 hostClass=fixture hostHash=1c728e158a8cddb0 clientProtocol=http/1.1 ca=3422fbf5942e56a7
09-08 01:05:42.975 29345 30474 I ChromePhotosDataPlane: phase=tls_ready correlationId=c219 hostClass=fixture hostHash=1c728e158a8cddb0 clientProtocol=http/1.1 ca=3422fbf5942e56a7
09-08 01:05:42.983 29345 30490 I ChromePhotosDataPlane: phase=tls_ready correlationId=c217 hostClass=fixture hostHash=1c728e158a8cddb0 clientProtocol=http/1.1 ca=3422fbf5942e56a7
09-08 01:05:42.983 29345 30149 I ChromePhotosDataPlane: phase=tls_ready correlationId=c221 hostClass=fixture hostHash=1c728e158a8cddb0 clientProtocol=http/1.1 ca=3422fbf5942e56a7
09-08 01:05:42.984 29345 30514 I ChromePhotosDataPlane: phase=tls_ready correlationId=c222 hostClass=network hostHash=1f6baa4a359d00da clientProtocol=http/1.1 ca=3422fbf5942e56a7
09-08 01:05:42.994 29345 30490 I ChromePhotosDataPlane: phase=presentation_ready fixture=visible heartbeat=fresh failSafe=armed
09-08 01:05:43.174 29345 30476 I ChromePhotosDataPlane: origin=real hostClass=network hostHash=466884c463494e8a method=GET clientProtocol=http/1.1 upstreamProtocol=h2 status=200 contentType=image/png bytesIn=1452444 bytesOut=6303 cache=miss decision=unknown reason=unsafe_dimensions source=engine probability=-1.0 basis=none decodeMs=15.906 inferenceMs=0.000 localDecisionMs=213.566  requestToDeliveryMs=669.720 upstreamHeadersMs=147.943 sanitizeMs=514.535 downstreamWriteMs=2.697
09-08 01:05:43.196 29345 30262 I ChromePhotosDataPlane: origin=real hostClass=network hostHash=466884c463494e8a method=GET clientProtocol=http/1.1 upstreamProtocol=h2 status=200 contentType=image/jpeg bytesIn=837774 bytesOut=837774 cache=miss decision=safe reason=model_allow source=engine probability=0.0482603 basis=None decodeMs=64.649 inferenceMs=178.710 localDecisionMs=246.120  requestToDeliveryMs=697.671 upstreamHeadersMs=112.727 sanitizeMs=539.450 downstreamWriteMs=35.137
09-08 01:05:43.456 29345 30505 I ChromePhotosDataPlane: origin=real hostClass=network hostHash=466884c463494e8a method=GET clientProtocol=http/1.1 upstreamProtocol=h2 status=200 contentType=image/jpeg bytesIn=2372694 bytesOut=2372694 cache=miss decision=safe reason=model_allow source=engine probability=0.05782932 basis=None decodeMs=67.450 inferenceMs=129.887 localDecisionMs=200.715  requestToDeliveryMs=952.036 upstreamHeadersMs=254.035 sanitizeMs=637.890 downstreamWriteMs=46.977
09-08 01:05:43.642 29345 30252 I ChromePhotosDataPlane: origin=real hostClass=network hostHash=466884c463494e8a method=GET clientProtocol=http/1.1 upstreamProtocol=h2 status=200 contentType=image/jpeg bytesIn=3403942 bytesOut=3403942 cache=miss decision=safe reason=model_allow source=engine probability=0.037037224 basis=None decodeMs=79.440 inferenceMs=132.717 localDecisionMs=414.489  requestToDeliveryMs=1145.610 upstreamHeadersMs=213.017 sanitizeMs=903.378 downstreamWriteMs=25.151
09-08 01:05:43.754 29345 30261 I ChromePhotosDataPlane: origin=real hostClass=network hostHash=9b0ff8cd24a50ec9 method=GET clientProtocol=http/1.1 upstreamProtocol=h2 status=200 contentType=image/png bytesIn=8090 bytesOut=8090 cache=miss decision=safe reason=model_allow source=engine probability=0.018158317 basis=None decodeMs=2.914 inferenceMs=133.353 localDecisionMs=345.114  requestToDeliveryMs=1618.471 upstreamHeadersMs=847.981 sanitizeMs=765.704 downstreamWriteMs=1.295
09-08 01:05:43.890 29345 30467 I ChromePhotosDataPlane: origin=real hostClass=network hostHash=9b0ff8cd24a50ec9 method=GET clientProtocol=http/1.1 upstreamProtocol=h2 status=200 contentType=image/jpeg bytesIn=35588 bytesOut=35588 cache=miss decision=safe reason=model_allow source=engine probability=0.042280197 basis=None decodeMs=3.267 inferenceMs=130.924 localDecisionMs=268.833  requestToDeliveryMs=1754.626 upstreamHeadersMs=863.124 sanitizeMs=882.187 downstreamWriteMs=2.336
09-08 01:05:44.024 29345 30454 I ChromePhotosDataPlane: origin=real hostClass=network hostHash=9b0ff8cd24a50ec9 method=GET clientProtocol=http/1.1 upstreamProtocol=h2 status=200 contentType=image/webp bytesIn=10568 bytesOut=10568 cache=miss decision=safe reason=model_allow source=engine probability=0.032659233 basis=None decodeMs=4.259 inferenceMs=130.619 localDecisionMs=262.943  requestToDeliveryMs=1898.333 upstreamHeadersMs=1101.736 sanitizeMs=791.492 downstreamWriteMs=1.483
