--------- beginning of main
09-08 01:16:10.592  3095  3432 I ChromePhotosDataPlane: bootstrap=chrome_blocked reason=session_start
09-08 01:16:10.633  3095  3441 I ChromePhotosDataPlane: bootstrap=chrome_blocked reason=manual_stop
09-08 01:16:10.638  3095  3441 I ChromePhotosDataPlane: phase=fail_closed reason=manual_stop
09-08 01:16:10.653  3095  3441 I ChromePhotosDataPlane: phase=status statusSequence=1 lifecycle=Starting active=false ready=false connections=0 requests=0 safe=0 blocked=0 unknown=0 passthrough=0 cacheHits=0 cacheMisses=0 failures=0 clientDisconnects=0 bytesIn=0 bytesOut=0 streamed=0 proxyQueueRejects=0 proxyActivePeak=0 proxyP50Ms=0.000 proxyP95Ms=0.000 proxyP99Ms=0.000 upstreamSockets=0 protectSuccess=0 protectFailure=0 web11a=not_run web11b=not_run modelLoadMs=0.000 engineCalls=0 dedupeHits=0 decisionCacheConfig=64 decisionConcurrencyConfig=1 decisionQueueConfig=2 decisionTimeoutMs=5000 engineCallsPerRequest=0.0 inferencePeak=0 inFlightPeak=0 queuePeak=0 queueRejects=0 timeouts=0 inferenceP50Ms=0.0 inferenceP95Ms=0.0 inferenceP99Ms=0.0 decisionP50Ms=0.0 decisionP95Ms=0.0 decisionP99Ms=0.0 cacheHitP50Ms=0.0 cacheHitP95Ms=0.0 cacheEntries=0 cacheEvictions=0 preprocessP50Ms=0.0 preprocessP95Ms=0.0 preprocessP99Ms=0.0 preparedCount1=0 preparedCount4=0 preparedCount5=0 preparedCountOther=0 decisionBasis= imageCandidates=0 imagePrefixPeeks=0 imageMagicCandidates=0 imageBodyAdmissionPeak=0 imageBodyAdmissionRejects=0 networkVisualCandidates=0 networkVisualReplaced=0 networkVisualRawDelivered=0 networkVisualSafeRawDelivered=0 networkVisualBlockedReplaced=0 networkVisualUnknownReplaced=0 networkVisualUnsupportedReplaced=0 networkVisualRawBlockedDelivered=0 networkVisualRawUnknownDelivered=0 networkVisualCacheHit=0 networkVisualInference=0 mediaDocumentsTransformed=0 mediaDocumentsFailClosed=0 documentTransformOutstanding=0 readyTokensOutstanding=0 uiSvgRegistered=0 uiSvgRegistryBytes=0 uiSvgCssRewritten=0 uiSvgCssRejected=0 uiSvgNetworkAccepted=0 uiSvgNetworkRejected=0 uiSvgAssetServed=0 uiSvgAssetRejected=0 h18=not_run h19=not_run quicAttempts=0 directTcpAttempts=0 bootstrapResetGeneration=2 bootstrapCompleteGeneration=2 bootstrapResetCount=3 chromeSuspended=true guardSession=0 guardHeartbeatSequence=0 audit17State=0 audit17Navigation=0 audit17Events=0 audit17Dropped=0
09-08 01:16:10.653  3095  3441 I ChromeMediaShieldStatus: v=1 seq=1 kind=network mode=selective candidates=0 replaced=0 rawDelivered=0 safeRaw=0 blockedReplaced=0 unknownReplaced=0 unsupportedReplaced=0 rawBlocked=0 rawUnknown=0 cacheHit=0 decisionEngine=0 engineCalls=0
09-08 01:16:10.656  3095  3441 I ChromeMediaShieldStatus: v=1 seq=1 kind=document transformed=0 failClosed=0 outstanding=0 issued=0 claims=0 documentSequence=0 navigationSequence=0 readyRequests=0 readyPreflights=0 readyAccepted=0 readyRejected=0 parserBarrierRequests=0 parserBarrierReady=0 parserBarrierFailClosed=0 selfShield=true selfReadyRequests=0 selfReadyAccepted=0 selfReadyRejected=0 selfReadyRejectReason=none selfShieldReleaseCompleted=0 selfShieldParserContinued=0 selfShieldOriginalScriptStarted=0 selfShieldTraceRejected=0 selfShieldTraceOutstanding=0 bootstrapDiagnosticAccepted=0 bootstrapDiagnosticRejected=0 bootstrapDiagnosticRejectReason=none bootstrapDiagnosticStage=none bootstrapDiagnosticReason=none bootstrapDiagnosticOutstanding=0
09-08 01:16:10.656  3095  3441 I ChromeMediaShieldStatus: v=1 seq=1 kind=renderer reports=0 rejected=0 globalCallbacks=0 globalRecords=0 childRecords=0 attributeRecords=0 maxRecords=0 scanCalls=0 scanRoot=0 scanNodes=0 maxScanNodes=0 scanMicros=0 maxScanMicros=0 observerChildScans=0 observerAttributeScans=0 guardedScans=0 markupScans=0 shadowScans=0 initialScans=0 otherScans=0 sanitizeElement=0 sanitizeContainer=0 img=0 source=0 svg=0 iframe=0 canvas=0 video=0 safeIcon=0 lockIcon=0 geometryWrites=0 svgRecords=0 shadowRoots=0 shadowObservers=0 shadowCallbacks=0 shadowRecords=0 shadowScanCalls=0 ensureStyle=0 ensureCurtain=0 internalMutations=0
09-08 01:16:10.657  3095  3441 I ChromeMediaShieldStatus: v=1 seq=1 kind=rendererApis callScan=createElement=0/0 createElementNS=0/0 appendChild=0/0 insertBefore=0/0 replaceChild=0/0 append=0/0 prepend=0/0 replaceChildren=0/0 before=0/0 after=0/0 replaceWith=0/0 adjacentElement=0/0 moveBefore=0/0 rangeInsert=0/0 rangeSurround=0/0 adoptNode=0/0 cloneNode=0/0 importNode=0/0 safeMarkup=0/0 innerHTML=0/0 outerHTML=0/0 insertAdjacentHTML=0/0 setHTML=0/0 shadowInnerHTML=0/0 execCommandInsertHTML=0/0 mappedTextContent=0/0
09-08 01:16:10.657  3095  3441 I ChromeMediaShieldStatus: v=1 seq=1 kind=rendererFamilies roots=element/fragment/text/other factory:calls=0,scans=0,direct=0,roots=0/0/0/0,nodes=0,micros=0,maxMicros=0 domGuard:calls=0,scans=0,direct=0,roots=0/0/0/0,nodes=0,micros=0,maxMicros=0 markup:calls=0,scans=0,direct=0,roots=0/0/0/0,nodes=0,micros=0,maxMicros=0
09-08 01:16:10.657  3095  3441 I ChromeMediaShieldStatus: v=1 seq=1 kind=uiSvg registered=0 registryBytes=0 cssRewritten=0 cssRejected=0 networkAccepted=0 networkRejected=0 assetServed=0 assetRejected=0
09-08 01:16:10.657  3095  3441 I ChromeMediaShieldStatus: v=1 seq=1 kind=health failures=0 clientDisconnects=0 proxyQueueRejects=0 protectFailure=0 quicAttempts=0 directTcpAttempts=0 active=false ready=false
09-08 01:16:10.657  3095  3441 I ChromeMediaShieldStatus: v=1 seq=1 kind=fixture report=not_run
09-08 01:16:10.708  3095  3432 I ChromePhotosDataPlane: rollback=complete proxy=cleared ca=removed
09-08 01:16:10.708  3095  3441 I ChromePhotosDataPlane: rollback=complete proxy=cleared ca=removed
09-08 01:16:10.708  3095  3432 I ChromePhotosDataPlane: bootstrap=chrome_reset_skipped generation=2 resetCount=3
09-08 01:16:10.714  3095  3441 I ChromePhotosDataPlane: rollback=vpn_restored action=refresh_routes
09-08 01:16:10.717  3095  3432 I ChromePhotosDataPlane: bootstrap=chrome_blocked reason=f1
09-08 01:16:10.719  3095  3095 I ChromePhotosDataPlane: vpnAttestation=revoked session=08196abe fullTunnelApplied=false chromePackageAdmitted=false
09-08 01:16:10.721  3095  3441 I ChromePhotosDataPlane: phase=stopped rollback=complete cache=cleared
09-08 01:16:10.725  3095  3432 I ChromePhotosDataPlane: phase=fail_closed reason=f1
09-08 01:16:10.729  3095  3432 I ChromePhotosDataPlane: rollback=complete proxy=cleared ca=removed
09-08 01:16:10.734  3095  3095 I ChromePhotosDataPlane: bootstrap=chrome_blocked reason=service_destroyed
09-08 01:16:10.736  3095  3095 I ChromePhotosDataPlane: phase=fail_closed reason=service_destroyed
09-08 01:16:10.737  3095  3432 E ChromePhotosDataPlane: phase=start_failed error=f1
09-08 01:16:10.741  3095  3095 I ChromePhotosDataPlane: rollback=complete proxy=cleared ca=removed
09-08 01:16:10.900  3095  3507 I ChromePhotosDataPlane: vpnAttestation=revoked session=08196abe fullTunnelApplied=false chromePackageAdmitted=true
09-08 01:16:24.978  3095  3507 I ChromePhotosDataPlane: bootstrap=chrome_blocked reason=session_start
09-08 01:16:24.980  3095  3507 I ChromePhotosDataPlane: rollback=complete proxy=cleared ca=removed
09-08 01:16:24.981  3095  3507 I ChromePhotosDataPlane: bootstrap=chrome_reset_skipped generation=2 resetCount=3
09-08 01:16:25.852  3095  3507 I ChromePhotosDataPlane: phase=proxy_ready bind=loopback port=8877
09-08 01:16:26.051  3095  3507 I ChromePhotosDataPlane: policy=chrome-only proxy=fixed stockMedia=true policyTypes=AIModeSettings:Integer,AllowBackForwardCacheForCacheControlNoStorePageEnabled:Boolean,BackForwardCacheEnabled:Boolean,DataUrlInSvgUseEnabled:Boolean,FindsSettings:Integer,ForceGoogleSafeSearch:Boolean,IncognitoModeAvailability:Integer,NTPContentSuggestionsEnabled:Boolean,SearchContentSharingSettings:Integer,SearchSuggestEnabled:Boolean,URLAllowlist:String,URLBlocklist:String ca=ff56b2f4265f0377
09-08 01:16:26.065  3095  3507 I ChromePhotosDataPlane: phase=active owner=device_owner scope=chrome_only session=34c9569c ca=ff56b2f4265f0377 model=R3.1 modelSha=c8b64af8092d3718c58736a511c996d0d443dacf3eaa74620b1e5af439a3cd48 policy=dag-36 modelLoadMs=409.920 fixture=controlled fallbackHosts=5 routes=0 udpFixture=false udpTarget=:0 transport=full_tunnel_dev networkVisualMode=selective stockMediaAuthority=true documentSelfShield=true privacy=public_only_memory_only
09-08 01:16:26.068  3095  3095 I ChromePhotosDataPlane: vpnAttestation=revoked session=34c9569c fullTunnelApplied=false chromePackageAdmitted=false
09-08 01:16:26.270  3095  3735 I ChromePhotosDataPlane: vpnAttestation=confirmed session=34c9569c fullTunnelApplied=true chromePackageAdmitted=true
09-08 01:16:26.404  3095  3473 I ChromePhotosDataPlane: phase=presentation_ready scope=real_web failSafe=armed
09-08 01:16:40.244  3095  3095 I ChromePhotosDataPlane: phase=status statusSequence=1 lifecycle=PresentationReady active=true ready=true connections=0 requests=0 safe=0 blocked=0 unknown=0 passthrough=0 cacheHits=0 cacheMisses=0 failures=0 clientDisconnects=0 bytesIn=0 bytesOut=0 streamed=0 proxyQueueRejects=0 proxyActivePeak=0 proxyP50Ms=0.000 proxyP95Ms=0.000 proxyP99Ms=0.000 upstreamSockets=0 protectSuccess=0 protectFailure=0 web11a=not_run web11b=not_run modelLoadMs=409.920 engineCalls=0 dedupeHits=0 decisionCacheConfig=64 decisionConcurrencyConfig=1 decisionQueueConfig=2 decisionTimeoutMs=5000 engineCallsPerRequest=0.0 inferencePeak=0 inFlightPeak=0 queuePeak=0 queueRejects=0 timeouts=0 inferenceP50Ms=0.0 inferenceP95Ms=0.0 inferenceP99Ms=0.0 decisionP50Ms=0.0 decisionP95Ms=0.0 decisionP99Ms=0.0 cacheHitP50Ms=0.0 cacheHitP95Ms=0.0 cacheEntries=0 cacheEvictions=0 preprocessP50Ms=0.0 preprocessP95Ms=0.0 preprocessP99Ms=0.0 preparedCount1=0 preparedCount4=0 preparedCount5=0 preparedCountOther=0 decisionBasis= imageCandidates=0 imagePrefixPeeks=0 imageMagicCandidates=0 imageBodyAdmissionPeak=0 imageBodyAdmissionRejects=0 networkVisualCandidates=0 networkVisualReplaced=0 networkVisualRawDelivered=0 networkVisualSafeRawDelivered=0 networkVisualBlockedReplaced=0 networkVisualUnknownReplaced=0 networkVisualUnsupportedReplaced=0 networkVisualRawBlockedDelivered=0 networkVisualRawUnknownDelivered=0 networkVisualCacheHit=0 networkVisualInference=0 mediaDocumentsTransformed=0 mediaDocumentsFailClosed=0 documentTransformOutstanding=0 readyTokensOutstanding=0 uiSvgRegistered=0 uiSvgRegistryBytes=0 uiSvgCssRewritten=0 uiSvgCssRejected=0 uiSvgNetworkAccepted=0 uiSvgNetworkRejected=0 uiSvgAssetServed=0 uiSvgAssetRejected=0 h18=REPORT=not_run,EVENT_SEQUENCE=0,COMPAT_DOCS=0,STRICT_DOCS=0,STYLE_REQ=0,SCRIPT_REQ=0,DATA_REQ=0,NETWORK_REQ=0,REPORTS=0,LAST_DOC=none,NETWORK_SHA=ee17e3f62edde61823ce35732ea168f4f5986bff347ccfac063eca7f4009ee1b,AUDIT_SHA=74d4467bbf6833db4eeab998495b7dfc50db3b1f04f407704b839ad3f4b25582 h19=REPORT=not_run,DOCUMENTS=0,FRAMES=0,SCRIPTS=0,FIRST_ORIGINAL_SCRIPTS=0,STYLES=0,WORKERS=0,SERVICE_WORKERS=0,FRAME_REPORTS=0,FRAME_REPORT_REJECTS=0,FRAME_REPORT=not_run,FRAME_REPORT_SHA=not_run,FRAME_CHALLENGE_SHA=not_run,FRAME_GENERATION=0,FRAME_ACCEPTED_CHALLENGE_SHA=not_run,FRAME_REPORT_BINDING_SHA=not_run,SAME_URL_BODIES=0,REPORTS=0,SW_BOUNDARY={INSTALL_DOCS=0,WORKER_SCRIPTS=0,WORKER_PROBE_SCRIPTS=0,PROBE_DOCS=0,CLEANUP_DOCS=0,REPORTS_ACCEPTED=0,REPORTS_REJECTED=0,CONTROLLER_PRESENT=0,CONTROLLER_MISSING=0,NAV_FETCHES=0,SELF_READY_FETCHES=0,SELF_READY_PASS_THROUGH=0,SELF_READY_SYNTHETIC=0,NAV_SYNTHETIC=0,RESET_BASELINE_CLEAN=0,RESET_BASELINE_DIRTY=0,REGISTER_BLOCKED=0,REGISTER_SUCCEEDED=0,WORKER_REGISTER_BLOCKED=0,WORKER_REGISTER_SUCCEEDED=0,WORKER_REGISTER_UNSUPPORTED=0,WORKER_REGISTER_ERROR=0,LAST_CASE=none,LAST_EVENT=none,LAST_VALUE=none},UI_SVG={not_run} quicAttempts=0 directTcpAttempts=0 bootstrapResetGeneration=2 bootstrapCompleteGeneration=2 bootstrapResetCount=3 chromeSuspended=false guardSession=528 guardHeartbeatSequence=26 audit17State=0 audit17Navigation=0 audit17Events=0 audit17Dropped=0
09-08 01:16:40.244  3095  3095 I ChromeMediaShieldStatus: v=1 seq=1 kind=network mode=selective candidates=0 replaced=0 rawDelivered=0 safeRaw=0 blockedReplaced=0 unknownReplaced=0 unsupportedReplaced=0 rawBlocked=0 rawUnknown=0 cacheHit=0 decisionEngine=0 engineCalls=0
09-08 01:16:40.244  3095  3095 I ChromeMediaShieldStatus: v=1 seq=1 kind=document transformed=0 failClosed=0 outstanding=0 issued=0 claims=0 documentSequence=0 navigationSequence=0 readyRequests=0 readyPreflights=0 readyAccepted=0 readyRejected=0 parserBarrierRequests=0 parserBarrierReady=0 parserBarrierFailClosed=0 selfShield=true selfReadyRequests=0 selfReadyAccepted=0 selfReadyRejected=0 selfReadyRejectReason=none selfShieldReleaseCompleted=0 selfShieldParserContinued=0 selfShieldOriginalScriptStarted=0 selfShieldTraceRejected=0 selfShieldTraceOutstanding=0 bootstrapDiagnosticAccepted=0 bootstrapDiagnosticRejected=0 bootstrapDiagnosticRejectReason=none bootstrapDiagnosticStage=none bootstrapDiagnosticReason=none bootstrapDiagnosticOutstanding=0
09-08 01:16:40.245  3095  3095 I ChromeMediaShieldStatus: v=1 seq=1 kind=renderer reports=0 rejected=0 globalCallbacks=0 globalRecords=0 childRecords=0 attributeRecords=0 maxRecords=0 scanCalls=0 scanRoot=0 scanNodes=0 maxScanNodes=0 scanMicros=0 maxScanMicros=0 observerChildScans=0 observerAttributeScans=0 guardedScans=0 markupScans=0 shadowScans=0 initialScans=0 otherScans=0 sanitizeElement=0 sanitizeContainer=0 img=0 source=0 svg=0 iframe=0 canvas=0 video=0 safeIcon=0 lockIcon=0 geometryWrites=0 svgRecords=0 shadowRoots=0 shadowObservers=0 shadowCallbacks=0 shadowRecords=0 shadowScanCalls=0 ensureStyle=0 ensureCurtain=0 internalMutations=0
09-08 01:16:40.245  3095  3095 I ChromeMediaShieldStatus: v=1 seq=1 kind=rendererApis callScan=createElement=0/0 createElementNS=0/0 appendChild=0/0 insertBefore=0/0 replaceChild=0/0 append=0/0 prepend=0/0 replaceChildren=0/0 before=0/0 after=0/0 replaceWith=0/0 adjacentElement=0/0 moveBefore=0/0 rangeInsert=0/0 rangeSurround=0/0 adoptNode=0/0 cloneNode=0/0 importNode=0/0 safeMarkup=0/0 innerHTML=0/0 outerHTML=0/0 insertAdjacentHTML=0/0 setHTML=0/0 shadowInnerHTML=0/0 execCommandInsertHTML=0/0 mappedTextContent=0/0
09-08 01:16:40.245  3095  3095 I ChromeMediaShieldStatus: v=1 seq=1 kind=rendererFamilies roots=element/fragment/text/other factory:calls=0,scans=0,direct=0,roots=0/0/0/0,nodes=0,micros=0,maxMicros=0 domGuard:calls=0,scans=0,direct=0,roots=0/0/0/0,nodes=0,micros=0,maxMicros=0 markup:calls=0,scans=0,direct=0,roots=0/0/0/0,nodes=0,micros=0,maxMicros=0
09-08 01:16:40.245  3095  3095 I ChromeMediaShieldStatus: v=1 seq=1 kind=uiSvg registered=0 registryBytes=0 cssRewritten=0 cssRejected=0 networkAccepted=0 networkRejected=0 assetServed=0 assetRejected=0
09-08 01:16:40.245  3095  3095 I ChromeMediaShieldStatus: v=1 seq=1 kind=health failures=0 clientDisconnects=0 proxyQueueRejects=0 protectFailure=0 quicAttempts=0 directTcpAttempts=0 active=true ready=true
09-08 01:16:40.245  3095  3095 I ChromeMediaShieldStatus: v=1 seq=1 kind=fixture report=REPORT=not_run,DOCUMENTS=0,FRAMES=0,SCRIPTS=0,FIRST_ORIGINAL_SCRIPTS=0,STYLES=0,WORKERS=0,SERVICE_WORKERS=0,FRAME_REPORTS=0,FRAME_REPORT_REJECTS=0,FRAME_REPORT=not_run,FRAME_REPORT_SHA=not_run,FRAME_CHALLENGE_SHA=not_run,FRAME_GENERATION=0,FRAME_ACCEPTED_CHALLENGE_SHA=not_run,FRAME_REPORT_BINDING_SHA=not_run,SAME_URL_BODIES=0,REPORTS=0,SW_BOUNDARY={INSTALL_DOCS=0,WORKER_SCRIPTS=0,WORKER_PROBE_SCRIPTS=0,PROBE_DOCS=0,CLEANUP_DOCS=0,REPORTS_ACCEPTED=0,REPORTS_REJECTED=0,CONTROLLER_PRESENT=0,CONTROLLER_MISSING=0,NAV_FETCHES=0,SELF_READY_FETCHES=0,SELF_READY_PASS_THROUGH=0,SELF_READY_SYNTHETIC=0,NAV_SYNTHETIC=0,RESET_BASELINE_CLEAN=0,RESET_BASELINE_DIRTY=0,REGISTER_BLOCKED=0,REGISTER_SUCCEEDED=0,WORKER_REGISTER_BLOCKED=0,WORKER_REGISTER_SUCCEEDED=0,WORKER_REGISTER_UNSUPPORTED=0,WORKER_REGISTER_ERROR=0,LAST_CASE=none,LAST_EVENT=none,LAST_VALUE=none},UI_SVG={not_run}
09-08 01:16:50.689  3095  4148 I ChromePhotosDataPlane: phase=worker_ready correlationId=c1 admissionWaitMs=2.007
09-08 01:16:50.760  3095  4164 I ChromePhotosDataPlane: phase=worker_ready correlationId=c2 admissionWaitMs=4.789
09-08 01:16:50.760  3095  4165 I ChromePhotosDataPlane: phase=worker_ready correlationId=c3 admissionWaitMs=2.590
09-08 01:16:50.946  3095  4148 W ChromePhotosDataPlane: phase=tls_failed side=client stage=handshake correlationId=c1 hostClass=fixture hostHash=1c728e158a8cddb0 authorityHash=ef9616898b8384c2 sniHash=not_observed error=SSLHandshakeException rootCause=EOFException causeChain=v4>SSLHandshakeException>EOFException
09-08 01:16:50.980  3095  4165 I ChromePhotosDataPlane: phase=tls_ready correlationId=c3 hostClass=fixture hostHash=1c728e158a8cddb0 clientProtocol=http/1.1 ca=ff56b2f4265f0377
09-08 01:16:50.982  3095  4164 I ChromePhotosDataPlane: phase=tls_ready correlationId=c2 hostClass=fixture hostHash=1c728e158a8cddb0 clientProtocol=http/1.1 ca=ff56b2f4265f0377
09-08 01:16:51.087  3095  4165 I ChromePhotosDataPlane: phase=media_shield_document origin=fixture resource=ui-shadow-page result=transformed documentSequence=1 navigationSequence=1 token=1e5db8ff58be bytesOut=113931
09-08 01:16:51.295  3095  4192 I ChromePhotosDataPlane: phase=worker_ready correlationId=c4 admissionWaitMs=4.680
09-08 01:16:51.381  3095  4213 I ChromePhotosDataPlane: phase=worker_ready correlationId=c5 admissionWaitMs=4.240
09-08 01:16:51.594  3095  4165 I ChromePhotosDataPlane: phase=media_shield_ready result=204 bytesOut=0
09-08 01:16:51.615  3095  4165 I ChromePhotosDataPlane: phase=media_shield_ready result=204 bytesOut=0
09-08 01:16:51.636  3095  4165 I ChromePhotosDataPlane: phase=media_shield_ready result=204 bytesOut=0
09-08 01:16:51.731  3095  4233 I ChromePhotosDataPlane: phase=worker_ready correlationId=c6 admissionWaitMs=5.542
09-08 01:16:51.839  3095  4192 I ChromePhotosDataPlane: phase=tls_ready correlationId=c4 hostClass=network hostHash=67093c854a7c66ad clientProtocol=http/1.1 ca=ff56b2f4265f0377
09-08 01:16:52.189  3095  4192 I ChromePhotosDataPlane: origin=real hostClass=network hostHash=67093c854a7c66ad method=GET clientProtocol=http/1.1 upstreamProtocol=h2 status=304 contentType= bytesOut=0 transfer=fixed upstreamHeadersMs=345.195 downstreamWriteMs=0.488
09-08 01:16:52.224  3095  4268 I ChromePhotosDataPlane: phase=worker_ready correlationId=c7 admissionWaitMs=2.688
09-08 01:16:52.245  3095  4269 I ChromePhotosDataPlane: phase=worker_ready correlationId=c8 admissionWaitMs=1.390
09-08 01:16:52.438  3095  4213 W ChromePhotosDataPlane: phase=tls_failed side=client stage=handshake correlationId=c5 hostClass=network hostHash=191347bfe55d0ca9 authorityHash=e7ee83636d1c00e3 sniHash=not_observed error=SSLHandshakeException rootCause=EOFException causeChain=v4>SSLHandshakeException>EOFException
09-08 01:16:53.084  3095  4233 W ChromePhotosDataPlane: phase=tls_failed side=client stage=handshake correlationId=c6 hostClass=network hostHash=a48cc1444855d321 authorityHash=e917f7788c54320e sniHash=not_observed error=SSLHandshakeException rootCause=EOFException causeChain=v4>SSLHandshakeException>EOFException
09-08 01:16:53.088  3095  4268 I ChromePhotosDataPlane: phase=tls_ready correlationId=c7 hostClass=network hostHash=a48cc1444855d321 clientProtocol=http/1.1 ca=ff56b2f4265f0377
09-08 01:16:53.092  3095  4269 I ChromePhotosDataPlane: phase=tls_ready correlationId=c8 hostClass=network hostHash=191347bfe55d0ca9 clientProtocol=http/1.1 ca=ff56b2f4265f0377
09-08 01:16:53.240  3095  4268 I ChromePhotosDataPlane: origin=real hostClass=network hostHash=a48cc1444855d321 method=GET clientProtocol=http/1.1 upstreamProtocol=h2 status=200 contentType=application/json bytesOut=1095 transfer=chunked upstreamHeadersMs=148.686 downstreamWriteMs=0.493
09-08 01:16:53.261  3095  4269 I ChromePhotosDataPlane: origin=real hostClass=network hostHash=191347bfe55d0ca9 method=GET clientProtocol=http/1.1 upstreamProtocol=h2 status=200 contentType=application/x-protobuffer bytesOut=325 transfer=fixed upstreamHeadersMs=161.746 downstreamWriteMs=0.527
09-08 01:17:00.017  3095  4282 I ChromePhotosDataPlane: phase=worker_ready correlationId=c9 admissionWaitMs=1.116
09-08 01:17:00.551  3095  4282 I ChromePhotosDataPlane: phase=tls_ready correlationId=c9 hostClass=network hostHash=978f7e3ee1e1aeea clientProtocol=http/1.1 ca=ff56b2f4265f0377
09-08 01:17:01.358  3095  4282 I ChromePhotosDataPlane: origin=real hostClass=network hostHash=978f7e3ee1e1aeea method=POST clientProtocol=http/1.1 upstreamProtocol=h2 status=200 contentType=application/x-protobuf bytesOut=115768 transfer=fixed upstreamHeadersMs=448.732 downstreamWriteMs=354.406
09-08 01:17:24.431  3095  4306 I ChromePhotosDataPlane: phase=worker_ready correlationId=c10 admissionWaitMs=0.959
09-08 01:17:24.462  3095  4307 I ChromePhotosDataPlane: phase=worker_ready correlationId=c11 admissionWaitMs=1.450
09-08 01:17:24.465  3095  4306 I ChromePhotosDataPlane: phase=tls_ready correlationId=c10 hostClass=fixture hostHash=1c728e158a8cddb0 clientProtocol=http/1.1 ca=ff56b2f4265f0377
09-08 01:17:24.490  3095  4307 I ChromePhotosDataPlane: phase=tls_ready correlationId=c11 hostClass=fixture hostHash=1c728e158a8cddb0 clientProtocol=http/1.1 ca=ff56b2f4265f0377
09-08 01:17:24.526  3095  4306 I ChromePhotosDataPlane: phase=media_shield_document origin=fixture resource=ui-svg-page result=transformed documentSequence=2 navigationSequence=2 token=829d4e707251 bytesOut=119274
09-08 01:17:24.574  3095  4310 I ChromePhotosDataPlane: phase=worker_ready correlationId=c12 admissionWaitMs=1.457
09-08 01:17:24.598  3095  4306 I ChromePhotosDataPlane: phase=media_shield_ready result=204 bytesOut=0
09-08 01:17:24.605  3095  4306 I ChromePhotosDataPlane: phase=media_shield_ready result=204 bytesOut=0
09-08 01:17:24.613  3095  4306 I ChromePhotosDataPlane: phase=media_shield_ready result=204 bytesOut=0
09-08 01:17:24.658  3095  4312 I ChromePhotosDataPlane: phase=worker_ready correlationId=c13 admissionWaitMs=0.802
09-08 01:17:24.665  3095  4307 I ChromePhotosDataPlane: phase=media_shield_ready result=200 bytesOut=179
09-08 01:17:24.719  3095  4307 I ChromePhotosDataPlane: phase=media_shield_ready result=200 bytesOut=211
09-08 01:17:24.764  3095  4307 I ChromePhotosDataPlane: phase=media_shield_ready result=200 bytesOut=198
09-08 01:17:24.871  3095  4307 I ChromePhotosDataPlane: resource=fixture-lease-script origin=fixture_local destination=chrome protocol=http/1.1 method=GET status=200 bytesIn=285 bytesOut=285 decision=passthrough
09-08 01:17:24.878  3095  4310 I ChromePhotosDataPlane: phase=tls_ready correlationId=c12 hostClass=network hostHash=a43675776202b206 clientProtocol=http/1.1 ca=ff56b2f4265f0377
09-08 01:17:24.884  3095  4314 I ChromePhotosDataPlane: phase=worker_ready correlationId=c14 admissionWaitMs=1.008
09-08 01:17:24.892  3095  4315 I ChromePhotosDataPlane: phase=worker_ready correlationId=c15 admissionWaitMs=0.833
09-08 01:17:24.899  3095  4312 I ChromePhotosDataPlane: phase=tls_ready correlationId=c13 hostClass=fixture hostHash=1c728e158a8cddb0 clientProtocol=http/1.1 ca=ff56b2f4265f0377
09-08 01:17:24.927  3095  4315 I ChromePhotosDataPlane: phase=tls_ready correlationId=c15 hostClass=fixture hostHash=1c728e158a8cddb0 clientProtocol=http/1.1 ca=ff56b2f4265f0377
09-08 01:17:24.931  3095  4314 I ChromePhotosDataPlane: phase=tls_ready correlationId=c14 hostClass=network hostHash=a43675776202b206 clientProtocol=http/1.1 ca=ff56b2f4265f0377
09-08 01:17:24.934  3095  4315 I ChromePhotosDataPlane: phase=presentation_ready fixture=visible heartbeat=fresh failSafe=armed
09-08 01:17:26.047  3095  4307 I ChromePhotosDataPlane: resource=ui-svg-report origin=fixture_local destination=chrome protocol=http/1.1 method=POST status=200 bytesIn=8 bytesOut=8 decision=passthrough
09-08 01:17:36.210  3095  4320 I ChromePhotosDataPlane: phase=worker_ready correlationId=c16 admissionWaitMs=3.767
09-08 01:17:36.266  3095  4326 I ChromePhotosDataPlane: phase=worker_ready correlationId=c17 admissionWaitMs=1.141
09-08 01:17:36.274  3095  4327 I ChromePhotosDataPlane: phase=worker_ready correlationId=c18 admissionWaitMs=0.645
09-08 01:17:36.277  3095  4328 I ChromePhotosDataPlane: phase=worker_ready correlationId=c19 admissionWaitMs=0.540
09-08 01:17:36.283  3095  4329 I ChromePhotosDataPlane: phase=worker_ready correlationId=c20 admissionWaitMs=4.625
09-08 01:17:36.763  3095  4320 I ChromePhotosDataPlane: phase=tls_ready correlationId=c16 hostClass=network hostHash=a817ab236a289c0c clientProtocol=http/1.1 ca=ff56b2f4265f0377
09-08 01:17:37.028  3095  4329 I ChromePhotosDataPlane: phase=tls_ready correlationId=c20 hostClass=network hostHash=3e723b591bdb95ce clientProtocol=http/1.1 ca=ff56b2f4265f0377
09-08 01:17:37.209  3095  4320 I ChromePhotosDataPlane: phase=media_shield_document origin=real hostClass=network hostHash=a817ab236a289c0c result=transformed documentSequence=3 navigationSequence=3 token=2449adab025d bytesOut=1019923 upstreamHeadersMs=129.329 documentDecisionMs=201.963 downstreamWriteMs=6.122
09-08 01:17:37.297  3095  4373 I ChromePhotosDataPlane: phase=worker_ready correlationId=c21 admissionWaitMs=1.313
09-08 01:17:37.301  3095  4374 I ChromePhotosDataPlane: phase=worker_ready correlationId=c22 admissionWaitMs=3.157
09-08 01:17:37.340  3095  4320 I ChromePhotosDataPlane: phase=media_shield_ready origin=same_origin result=204 bytesOut=0
09-08 01:17:37.352  3095  4320 I ChromePhotosDataPlane: phase=media_shield_ready origin=same_origin result=204 bytesOut=0
09-08 01:17:37.370  3095  4320 I ChromePhotosDataPlane: phase=media_shield_ready origin=same_origin result=204 bytesOut=0
09-08 01:17:37.435  3095  4328 I ChromePhotosDataPlane: phase=tls_ready correlationId=c19 hostClass=network hostHash=8c8ca01276b5a685 clientProtocol=http/1.1 ca=ff56b2f4265f0377
09-08 01:17:37.463  3095  4378 I ChromePhotosDataPlane: phase=worker_ready correlationId=c23 admissionWaitMs=1.960
09-08 01:17:37.472  3095  4379 I ChromePhotosDataPlane: phase=worker_ready correlationId=c24 admissionWaitMs=7.931
09-08 01:17:37.482  3095  4381 I ChromePhotosDataPlane: phase=worker_ready correlationId=c25 admissionWaitMs=3.652
09-08 01:17:37.486  3095  4382 I ChromePhotosDataPlane: phase=worker_ready correlationId=c26 admissionWaitMs=2.654
09-08 01:17:37.492  3095  4383 I ChromePhotosDataPlane: phase=worker_ready correlationId=c27 admissionWaitMs=1.411
09-08 01:17:37.511  3095  4399 I ChromePhotosDataPlane: phase=worker_ready correlationId=c28 admissionWaitMs=0.503
09-08 01:17:37.524  3095  4407 I ChromePhotosDataPlane: phase=worker_ready correlationId=c29 admissionWaitMs=1.490
09-08 01:17:37.527  3095  4408 I ChromePhotosDataPlane: phase=worker_ready correlationId=c30 admissionWaitMs=1.041
09-08 01:17:37.633  3095  4417 I ChromePhotosDataPlane: phase=worker_ready correlationId=c31 admissionWaitMs=0.582
09-08 01:17:37.648  3095  4418 I ChromePhotosDataPlane: phase=worker_ready correlationId=c32 admissionWaitMs=1.078
09-08 01:17:37.656  3095  4419 I ChromePhotosDataPlane: phase=worker_ready correlationId=c33 admissionWaitMs=1.361
09-08 01:17:37.726  3095  4428 I ChromePhotosDataPlane: phase=worker_ready correlationId=c34 admissionWaitMs=0.862
09-08 01:17:37.806  3095  4434 I ChromePhotosDataPlane: phase=worker_ready correlationId=c35 admissionWaitMs=1.143
09-08 01:17:37.829  3095  4440 I ChromePhotosDataPlane: phase=worker_ready correlationId=c36 admissionWaitMs=0.952
09-08 01:17:37.837  3095  4441 I ChromePhotosDataPlane: phase=worker_ready correlationId=c37 admissionWaitMs=0.875
09-08 01:17:37.839  3095  4442 I ChromePhotosDataPlane: phase=worker_ready correlationId=c38 admissionWaitMs=1.075
09-08 01:17:37.863  3095  4455 I ChromePhotosDataPlane: phase=worker_ready correlationId=c39 admissionWaitMs=0.859
09-08 01:17:37.941  3095  3441 I ChromePhotosDataPlane: phase=fixture_scope_lost action=lease_revoked
09-08 01:17:38.279  3095  4327 I ChromePhotosDataPlane: phase=tls_ready correlationId=c18 hostClass=network hostHash=e1bb38766871feb8 clientProtocol=http/1.1 ca=ff56b2f4265f0377
09-08 01:17:38.529  3095  4326 I ChromePhotosDataPlane: phase=tls_ready correlationId=c17 hostClass=network hostHash=11363e395d87adea clientProtocol=http/1.1 ca=ff56b2f4265f0377
09-08 01:17:38.530  3095  4383 I ChromePhotosDataPlane: phase=tls_ready correlationId=c27 hostClass=network hostHash=e1bb38766871feb8 clientProtocol=http/1.1 ca=ff56b2f4265f0377
09-08 01:17:38.530  3095  4379 I ChromePhotosDataPlane: phase=tls_ready correlationId=c24 hostClass=network hostHash=e1bb38766871feb8 clientProtocol=http/1.1 ca=ff56b2f4265f0377
09-08 01:17:38.543  3095  4373 I ChromePhotosDataPlane: phase=tls_ready correlationId=c21 hostClass=network hostHash=e1bb38766871feb8 clientProtocol=http/1.1 ca=ff56b2f4265f0377
09-08 01:17:38.556  3095  4381 I ChromePhotosDataPlane: phase=tls_ready correlationId=c25 hostClass=network hostHash=e1bb38766871feb8 clientProtocol=http/1.1 ca=ff56b2f4265f0377
09-08 01:17:38.560  3095  4378 I ChromePhotosDataPlane: phase=tls_ready correlationId=c23 hostClass=network hostHash=e1bb38766871feb8 clientProtocol=http/1.1 ca=ff56b2f4265f0377
09-08 01:17:38.560  3095  4374 I ChromePhotosDataPlane: phase=tls_ready correlationId=c22 hostClass=network hostHash=e1bb38766871feb8 clientProtocol=http/1.1 ca=ff56b2f4265f0377
09-08 01:17:38.784  3095  4382 I ChromePhotosDataPlane: phase=tls_ready correlationId=c26 hostClass=network hostHash=191347bfe55d0ca9 clientProtocol=http/1.1 ca=ff56b2f4265f0377
09-08 01:17:38.853  3095  4382 I ChromePhotosDataPlane: origin=real hostClass=network hostHash=191347bfe55d0ca9 method=GET clientProtocol=http/1.1 upstreamProtocol=h2 status=200 contentType=text/javascript bytesOut=1060 transfer=chunked upstreamHeadersMs=56.734 downstreamWriteMs=2.145
09-08 01:17:39.072  3095  4512 I ChromePhotosDataPlane: phase=worker_ready correlationId=c40 admissionWaitMs=1.929
09-08 01:17:39.082  3095  4399 I ChromePhotosDataPlane: phase=tls_ready correlationId=c28 hostClass=network hostHash=b80cc6598e129db1 clientProtocol=http/1.1 ca=ff56b2f4265f0377
09-08 01:17:39.200  3095  4381 I ChromePhotosDataPlane: origin=real hostClass=network hostHash=e1bb38766871feb8 method=GET clientProtocol=http/1.1 upstreamProtocol=h2 status=200 contentType=image/webp bytesIn=22390 bytesOut=22390 cache=miss decision=safe reason=model_allow source=engine probability=0.07228577 basis=None decodeMs=86.343 inferenceMs=347.975 localDecisionMs=443.872  requestToDeliveryMs=642.267 upstreamHeadersMs=107.197 sanitizeMs=530.518 downstreamWriteMs=1.542
09-08 01:17:39.282  3095  4399 I ChromePhotosDataPlane: origin=real hostClass=network hostHash=b80cc6598e129db1 method=GET clientProtocol=http/1.1 upstreamProtocol=h2 status=304 contentType=application/javascript bytesOut=0 transfer=fixed upstreamHeadersMs=196.170 downstreamWriteMs=0.496
09-08 01:17:39.372  3095  4537 I ChromePhotosDataPlane: phase=worker_ready correlationId=c41 admissionWaitMs=3.132
09-08 01:17:39.515  3095  4373 I ChromePhotosDataPlane: origin=real hostClass=network hostHash=e1bb38766871feb8 method=GET clientProtocol=http/1.1 upstreamProtocol=h2 status=200 contentType=image/webp bytesIn=382772 bytesOut=382772 cache=miss decision=safe reason=model_allow source=engine probability=0.026281804 basis=None decodeMs=58.039 inferenceMs=238.521 localDecisionMs=667.507  requestToDeliveryMs=970.060 upstreamHeadersMs=44.301 sanitizeMs=903.122 downstreamWriteMs=19.062
09-08 01:17:39.522  3095  4407 I ChromePhotosDataPlane: phase=tls_ready correlationId=c29 hostClass=network hostHash=9d072a4c12ae89c4 clientProtocol=http/1.1 ca=ff56b2f4265f0377
09-08 01:17:39.540  3095  4408 I ChromePhotosDataPlane: phase=tls_ready correlationId=c30 hostClass=network hostHash=9d072a4c12ae89c4 clientProtocol=http/1.1 ca=ff56b2f4265f0377
09-08 01:17:39.541  3095  4417 I ChromePhotosDataPlane: phase=tls_ready correlationId=c31 hostClass=network hostHash=8c8ca01276b5a685 clientProtocol=http/1.1 ca=ff56b2f4265f0377
09-08 01:17:39.652  3095  4407 I ChromePhotosDataPlane: origin=real hostClass=network hostHash=9d072a4c12ae89c4 method=GET clientProtocol=http/1.1 upstreamProtocol=h2 status=200 contentType=text/javascript bytesOut=115 transfer=chunked upstreamHeadersMs=126.123 downstreamWriteMs=0.930
09-08 01:17:39.664  3095  4408 I ChromePhotosDataPlane: origin=real hostClass=network hostHash=9d072a4c12ae89c4 method=GET clientProtocol=http/1.1 upstreamProtocol=h2 status=200 contentType=application/javascript bytesOut=2373 transfer=chunked upstreamHeadersMs=115.322 downstreamWriteMs=5.224
09-08 01:17:39.774  3095  4374 I ChromePhotosDataPlane: origin=real hostClass=network hostHash=e1bb38766871feb8 method=GET clientProtocol=http/1.1 upstreamProtocol=h2 status=200 contentType=image/webp bytesIn=351576 bytesOut=351576 cache=miss decision=safe reason=model_allow source=engine probability=0.06512773 basis=None decodeMs=34.662 inferenceMs=241.737 localDecisionMs=474.261  requestToDeliveryMs=1212.964 upstreamHeadersMs=106.706 sanitizeMs=1101.313 downstreamWriteMs=2.630
09-08 01:17:39.941  3095  4320 I ChromePhotosDataPlane: origin=real hostClass=network hostHash=a817ab236a289c0c method=POST clientProtocol=http/1.1 upstreamProtocol=h2 status=200 contentType=application/json bytesOut=346 transfer=fixed upstreamHeadersMs=179.248 downstreamWriteMs=1.825
09-08 01:17:40.023  3095  4378 I ChromePhotosDataPlane: origin=real hostClass=network hostHash=e1bb38766871feb8 method=GET clientProtocol=http/1.1 upstreamProtocol=h2 status=200 contentType=image/webp bytesIn=369798 bytesOut=369798 cache=miss decision=safe reason=model_allow source=engine probability=0.14357123 basis=None decodeMs=34.886 inferenceMs=213.408 localDecisionMs=308.675  requestToDeliveryMs=1461.806 upstreamHeadersMs=119.109 sanitizeMs=1338.576 downstreamWriteMs=2.249
09-08 01:17:40.036  3095  4418 I ChromePhotosDataPlane: phase=tls_ready correlationId=c32 hostClass=network hostHash=d84a36a05e56cc9d clientProtocol=http/1.1 ca=ff56b2f4265f0377
09-08 01:17:40.215  3095  4418 I ChromePhotosDataPlane: origin=real hostClass=network hostHash=d84a36a05e56cc9d method=GET clientProtocol=http/1.1 upstreamProtocol=h2 status=200 contentType=application/x-javascript bytesOut=108637 transfer=fixed upstreamHeadersMs=126.719 downstreamWriteMs=47.533
09-08 01:17:40.611  3095  4560 I ChromePhotosDataPlane: phase=worker_ready correlationId=c42 admissionWaitMs=0.580
09-08 01:17:40.618  3095  4419 I ChromePhotosDataPlane: phase=tls_ready correlationId=c33 hostClass=network hostHash=a599aeb3c7c1dfa5 clientProtocol=http/1.1 ca=ff56b2f4265f0377
09-08 01:17:40.652  3095  4570 I ChromePhotosDataPlane: phase=worker_ready correlationId=c43 admissionWaitMs=0.741
09-08 01:17:40.655  3095  4571 I ChromePhotosDataPlane: phase=worker_ready correlationId=c44 admissionWaitMs=1.530
09-08 01:17:40.680  3095  4418 I ChromePhotosDataPlane: origin=real hostClass=network hostHash=d84a36a05e56cc9d method=GET clientProtocol=http/1.1 upstreamProtocol=h2 status=200 contentType=application/x-javascript bytesOut=71415 transfer=fixed upstreamHeadersMs=36.365 downstreamWriteMs=11.675
09-08 01:17:40.734  3095  4583 I ChromePhotosDataPlane: phase=worker_ready correlationId=c45 admissionWaitMs=1.125
09-08 01:17:40.773  3095  4419 I ChromePhotosDataPlane: origin=real hostClass=network hostHash=a599aeb3c7c1dfa5 method=GET clientProtocol=http/1.1 upstreamProtocol=h2 status=304 contentType=application/javascript bytesOut=0 transfer=fixed upstreamHeadersMs=151.338 downstreamWriteMs=0.583
09-08 01:17:40.776  3095  4320 I ChromePhotosDataPlane: origin=real hostClass=network hostHash=a817ab236a289c0c method=GET clientProtocol=http/1.1 upstreamProtocol=h2 status=200 contentType=application/json bytesOut=107 transfer=fixed upstreamHeadersMs=25.789 downstreamWriteMs=1.404
09-08 01:17:40.779  3095  4588 I ChromePhotosDataPlane: phase=worker_ready correlationId=c46 admissionWaitMs=2.935
09-08 01:17:40.783  3095  4590 I ChromePhotosDataPlane: phase=worker_ready correlationId=c48 admissionWaitMs=1.266
09-08 01:17:40.790  3095  4589 I ChromePhotosDataPlane: phase=worker_ready correlationId=c47 admissionWaitMs=11.718
09-08 01:17:40.799  3095  4591 I ChromePhotosDataPlane: phase=worker_ready correlationId=c49 admissionWaitMs=8.926
09-08 01:17:40.823  3095  4320 I ChromePhotosDataPlane: origin=real hostClass=network hostHash=a817ab236a289c0c method=GET clientProtocol=http/1.1 upstreamProtocol=h2 status=200 contentType=application/json bytesOut=71 transfer=fixed upstreamHeadersMs=35.130 downstreamWriteMs=0.592
09-08 01:17:40.898  3095  4428 I ChromePhotosDataPlane: phase=tls_ready correlationId=c34 hostClass=network hostHash=fc1e48f201e43606 clientProtocol=http/1.1 ca=ff56b2f4265f0377
09-08 01:17:40.898  3095  4320 I ChromePhotosDataPlane: origin=real hostClass=network hostHash=a817ab236a289c0c method=GET clientProtocol=http/1.1 upstreamProtocol=h2 status=200 contentType=application/json bytesOut=435 transfer=fixed upstreamHeadersMs=28.577 downstreamWriteMs=0.655
09-08 01:17:40.977  3095  4320 I ChromePhotosDataPlane: origin=real hostClass=network hostHash=a817ab236a289c0c method=GET clientProtocol=http/1.1 upstreamProtocol=h2 status=200 contentType=application/json bytesOut=824 transfer=fixed upstreamHeadersMs=28.592 downstreamWriteMs=0.631
09-08 01:17:41.039  3095  4599 I ChromePhotosDataPlane: phase=worker_ready correlationId=c50 admissionWaitMs=1.388
09-08 01:17:41.042  3095  4600 I ChromePhotosDataPlane: phase=worker_ready correlationId=c51 admissionWaitMs=1.797
09-08 01:17:41.048  3095  4601 I ChromePhotosDataPlane: phase=worker_ready correlationId=c52 admissionWaitMs=3.866
09-08 01:17:41.077  3095  4616 I ChromePhotosDataPlane: phase=worker_ready correlationId=c53 admissionWaitMs=0.527
09-08 01:17:41.100  3095  4621 I ChromePhotosDataPlane: phase=worker_ready correlationId=c54 admissionWaitMs=1.472
09-08 01:17:41.121  3095  4434 I ChromePhotosDataPlane: phase=tls_ready correlationId=c35 hostClass=network hostHash=0f165ff6c05ff65a clientProtocol=http/1.1 ca=ff56b2f4265f0377
09-08 01:17:41.141  3095  4455 I ChromePhotosDataPlane: phase=tls_ready correlationId=c39 hostClass=network hostHash=0f165ff6c05ff65a clientProtocol=http/1.1 ca=ff56b2f4265f0377
09-08 01:17:41.174  3095  4419 I ChromePhotosDataPlane: origin=real hostClass=network hostHash=a599aeb3c7c1dfa5 method=GET clientProtocol=http/1.1 upstreamProtocol=h2 status=200 contentType=application/javascript bytesOut=190804 transfer=fixed upstreamHeadersMs=48.720 downstreamWriteMs=73.800
09-08 01:17:41.271  3095  4320 I ChromePhotosDataPlane: origin=real hostClass=network hostHash=a817ab236a289c0c method=POST clientProtocol=http/1.1 upstreamProtocol=h2 status=200 contentType=application/json bytesOut=912 transfer=fixed upstreamHeadersMs=239.666 downstreamWriteMs=1.917
09-08 01:17:41.297  3095  4382 I ChromePhotosDataPlane: origin=real hostClass=network hostHash=191347bfe55d0ca9 method=POST clientProtocol=http/1.1 upstreamProtocol=h2 status=200 contentType=text/plain bytesOut=0 transfer=fixed upstreamHeadersMs=191.871 downstreamWriteMs=1.677
09-08 01:17:41.340  3095  4320 I ChromePhotosDataPlane: origin=real hostClass=network hostHash=a817ab236a289c0c method=GET clientProtocol=http/1.1 upstreamProtocol=h2 status=200 contentType=text/javascript bytesOut=408 transfer=chunked upstreamHeadersMs=18.755 downstreamWriteMs=1.808
09-08 01:17:41.357  3095  4639 I ChromePhotosDataPlane: phase=worker_ready correlationId=c55 admissionWaitMs=5.313
09-08 01:17:41.429  3095  4640 I ChromePhotosDataPlane: phase=worker_ready correlationId=c56 admissionWaitMs=2.470
09-08 01:17:41.437  3095  4642 I ChromePhotosDataPlane: phase=worker_ready correlationId=c57 admissionWaitMs=1.615
09-08 01:17:41.473  3095  4455 I ChromePhotosDataPlane: origin=real hostClass=network hostHash=0f165ff6c05ff65a method=OPTIONS clientProtocol=http/1.1 upstreamProtocol=h2 status=200 contentType= bytesOut=0 transfer=fixed upstreamHeadersMs=329.533 downstreamWriteMs=0.519
09-08 01:17:41.474  3095  4434 I ChromePhotosDataPlane: origin=real hostClass=network hostHash=0f165ff6c05ff65a method=OPTIONS clientProtocol=http/1.1 upstreamProtocol=h2 status=200 contentType= bytesOut=0 transfer=fixed upstreamHeadersMs=348.123 downstreamWriteMs=0.921
09-08 01:17:41.477  3095  4419 I ChromePhotosDataPlane: origin=real hostClass=network hostHash=a599aeb3c7c1dfa5 method=GET clientProtocol=http/1.1 upstreamProtocol=h2 status=200 contentType=application/javascript bytesOut=162471 transfer=fixed upstreamHeadersMs=43.309 downstreamWriteMs=78.135
09-08 01:17:41.483  3095  4652 I ChromePhotosDataPlane: phase=worker_ready correlationId=c58 admissionWaitMs=1.972
09-08 01:17:41.494  3095  4653 I ChromePhotosDataPlane: phase=worker_ready correlationId=c59 admissionWaitMs=4.386
09-08 01:17:41.594  3095  4440 I ChromePhotosDataPlane: phase=tls_ready correlationId=c36 hostClass=network hostHash=6e158e80db65e59b clientProtocol=http/1.1 ca=ff56b2f4265f0377
09-08 01:17:41.621  3095  4419 I ChromePhotosDataPlane: origin=real hostClass=network hostHash=a599aeb3c7c1dfa5 method=GET clientProtocol=http/1.1 upstreamProtocol=h2 status=200 contentType=application/javascript bytesOut=187325 transfer=fixed upstreamHeadersMs=48.558 downstreamWriteMs=63.183
09-08 01:17:41.631  3095  4659 I ChromePhotosDataPlane: phase=worker_ready correlationId=c60 admissionWaitMs=1.651
09-08 01:17:41.699  3095  4455 I ChromePhotosDataPlane: origin=real hostClass=network hostHash=0f165ff6c05ff65a method=OPTIONS clientProtocol=http/1.1 upstreamProtocol=h2 status=200 contentType= bytesOut=0 transfer=fixed upstreamHeadersMs=202.467 downstreamWriteMs=1.551
09-08 01:17:41.701  3095  4434 I ChromePhotosDataPlane: origin=real hostClass=network hostHash=0f165ff6c05ff65a method=OPTIONS clientProtocol=http/1.1 upstreamProtocol=h2 status=200 contentType= bytesOut=0 transfer=fixed upstreamHeadersMs=190.635 downstreamWriteMs=2.941
09-08 01:17:41.714  3095  4320 I ChromePhotosDataPlane: origin=real hostClass=network hostHash=a817ab236a289c0c method=GET clientProtocol=http/1.1 upstreamProtocol=h2 status=200 contentType=application/json bytesOut=73 transfer=fixed upstreamHeadersMs=34.140 downstreamWriteMs=4.828
09-08 01:17:41.720  3095  4661 I ChromePhotosDataPlane: phase=worker_ready correlationId=c61 admissionWaitMs=2.449
09-08 01:17:41.825  3095  4662 I ChromePhotosDataPlane: phase=worker_ready correlationId=c62 admissionWaitMs=1.363
09-08 01:17:41.835  3095  4428 I ChromePhotosDataPlane: origin=real hostClass=network hostHash=fc1e48f201e43606 method=POST clientProtocol=http/1.1 upstreamProtocol=h2 status=200 contentType=application/json bytesOut=0 transfer=fixed upstreamHeadersMs=931.317 downstreamWriteMs=1.613
09-08 01:17:41.863  3095  4663 I ChromePhotosDataPlane: phase=worker_ready correlationId=c63 admissionWaitMs=1.825
09-08 01:17:41.915  3095  4434 I ChromePhotosDataPlane: origin=real hostClass=network hostHash=0f165ff6c05ff65a method=POST clientProtocol=http/1.1 upstreamProtocol=h2 status=202 contentType=application/json bytesOut=21 transfer=fixed upstreamHeadersMs=195.948 downstreamWriteMs=1.758
09-08 01:17:41.919  3095  4440 I ChromePhotosDataPlane: origin=real hostClass=network hostHash=6e158e80db65e59b method=OPTIONS clientProtocol=http/1.1 upstreamProtocol=h2 status=200 contentType= bytesOut=0 transfer=fixed upstreamHeadersMs=318.827 downstreamWriteMs=1.021
09-08 01:17:41.920  3095  4455 I ChromePhotosDataPlane: origin=real hostClass=network hostHash=0f165ff6c05ff65a method=POST clientProtocol=http/1.1 upstreamProtocol=h2 status=202 contentType=application/json bytesOut=21 transfer=fixed upstreamHeadersMs=203.592 downstreamWriteMs=0.564
09-08 01:17:42.005  3095  4668 I ChromePhotosDataPlane: phase=worker_ready correlationId=c64 admissionWaitMs=0.762
09-08 01:17:42.047  3095  4320 I ChromePhotosDataPlane: origin=real hostClass=network hostHash=a817ab236a289c0c method=GET clientProtocol=http/1.1 upstreamProtocol=h2 status=200 contentType=application/json bytesOut=22 transfer=fixed upstreamHeadersMs=27.501 downstreamWriteMs=1.766
09-08 01:17:42.088  3095  4320 I ChromePhotosDataPlane: origin=real hostClass=network hostHash=a817ab236a289c0c method=GET clientProtocol=http/1.1 upstreamProtocol=h2 status=200 contentType=application/json bytesOut=22 transfer=fixed upstreamHeadersMs=32.566 downstreamWriteMs=0.724
09-08 01:17:42.102  3095  4441 I ChromePhotosDataPlane: phase=tls_ready correlationId=c37 hostClass=network hostHash=7df7caa0a5579e01 clientProtocol=http/1.1 ca=ff56b2f4265f0377
09-08 01:17:42.123  3095  4440 I ChromePhotosDataPlane: origin=real hostClass=network hostHash=6e158e80db65e59b method=POST clientProtocol=http/1.1 upstreamProtocol=h2 status=200 contentType=text/plain bytesOut=2 transfer=fixed upstreamHeadersMs=185.662 downstreamWriteMs=1.386
09-08 01:17:42.143  3095  4434 I ChromePhotosDataPlane: origin=real hostClass=network hostHash=0f165ff6c05ff65a method=POST clientProtocol=http/1.1 upstreamProtocol=h2 status=202 contentType=application/json bytesOut=21 transfer=fixed upstreamHeadersMs=183.181 downstreamWriteMs=0.653
09-08 01:17:42.152  3095  4148 I ChromePhotosDataPlane: phase=worker_ready correlationId=c65 admissionWaitMs=0.473
09-08 01:17:42.159  3095  4320 I ChromePhotosDataPlane: origin=real hostClass=network hostHash=a817ab236a289c0c method=GET clientProtocol=http/1.1 upstreamProtocol=h2 status=200 contentType=application/json bytesOut=5017 transfer=fixed upstreamHeadersMs=24.747 downstreamWriteMs=0.597
09-08 01:17:42.176  3095  4192 I ChromePhotosDataPlane: phase=worker_ready correlationId=c66 admissionWaitMs=0.677
09-08 01:17:42.197  3095  4164 I ChromePhotosDataPlane: phase=worker_ready correlationId=c67 admissionWaitMs=0.251
09-08 01:17:42.230  3095  4455 I ChromePhotosDataPlane: origin=real hostClass=network hostHash=0f165ff6c05ff65a method=POST clientProtocol=http/1.1 upstreamProtocol=h2 status=202 contentType=application/json bytesOut=21 transfer=fixed upstreamHeadersMs=265.877 downstreamWriteMs=1.211
09-08 01:17:42.233  3095  4329 I ChromePhotosDataPlane: origin=real hostClass=network hostHash=3e723b591bdb95ce method=GET clientProtocol=http/1.1 upstreamProtocol=h2 status=200 contentType=image/png bytesIn=0 bytesOut=6303 cache=miss decision=unknown reason=image_format_unknown source=error probability=-1.0 basis=none decodeMs=0.000 inferenceMs=0.000 localDecisionMs=0.000  requestToDeliveryMs=139.747 upstreamHeadersMs=135.518 sanitizeMs=1.291 downstreamWriteMs=0.866
09-08 01:17:42.236  3095  4320 I ChromePhotosDataPlane: origin=real hostClass=network hostHash=a817ab236a289c0c method=GET clientProtocol=http/1.1 upstreamProtocol=h2 status=200 contentType=application/json bytesOut=22 transfer=fixed upstreamHeadersMs=26.416 downstreamWriteMs=0.591
09-08 01:17:42.250  3095  4165 I ChromePhotosDataPlane: phase=worker_ready correlationId=c68 admissionWaitMs=0.406
09-08 01:17:42.262  3095  4213 I ChromePhotosDataPlane: phase=worker_ready correlationId=c69 admissionWaitMs=0.298
09-08 01:17:42.377  3095  4434 I ChromePhotosDataPlane: origin=real hostClass=network hostHash=0f165ff6c05ff65a method=POST clientProtocol=http/1.1 upstreamProtocol=h2 status=202 contentType=application/json bytesOut=21 transfer=fixed upstreamHeadersMs=186.795 downstreamWriteMs=1.625
09-08 01:17:42.471  3095  4320 I ChromePhotosDataPlane: origin=real hostClass=network hostHash=a817ab236a289c0c method=POST clientProtocol=http/1.1 upstreamProtocol=h2 status=202 contentType=text/plain bytesOut=8 transfer=fixed upstreamHeadersMs=173.566 downstreamWriteMs=1.240
09-08 01:17:42.486  3095  4442 I ChromePhotosDataPlane: phase=tls_ready correlationId=c38 hostClass=network hostHash=cc6d3a91ec6770df clientProtocol=http/1.1 ca=ff56b2f4265f0377
09-08 01:17:42.602  3095  4442 I ChromePhotosDataPlane: origin=real hostClass=network hostHash=cc6d3a91ec6770df method=GET clientProtocol=http/1.1 upstreamProtocol=h2 status=304 contentType= bytesOut=0 transfer=fixed upstreamHeadersMs=111.118 downstreamWriteMs=1.073
09-08 01:17:42.671  3095  4320 I ChromePhotosDataPlane: phase=media_shield_ready origin=same_origin result=200 bytesOut=1461
09-08 01:17:42.726  3095  4233 I ChromePhotosDataPlane: phase=worker_ready correlationId=c70 admissionWaitMs=0.183
09-08 01:17:42.791  3095  4512 I ChromePhotosDataPlane: phase=tls_ready correlationId=c40 hostClass=network hostHash=191347bfe55d0ca9 clientProtocol=http/1.1 ca=ff56b2f4265f0377
09-08 01:17:42.812  3095  4268 I ChromePhotosDataPlane: phase=worker_ready correlationId=c71 admissionWaitMs=0.662
09-08 01:17:43.068  3095  4512 I ChromePhotosDataPlane: phase=media_shield_document origin=real hostClass=network hostHash=191347bfe55d0ca9 result=transformed documentSequence=4 navigationSequence=3 token=01152e6cfa0d bytesOut=166972 upstreamHeadersMs=179.823 documentDecisionMs=52.657 downstreamWriteMs=1.398
09-08 01:17:43.109  3095  4537 I ChromePhotosDataPlane: phase=tls_ready correlationId=c41 hostClass=network hostHash=abf8fbf760ef2a86 clientProtocol=http/1.1 ca=ff56b2f4265f0377
09-08 01:17:43.143  3095  4269 I ChromePhotosDataPlane: phase=worker_ready correlationId=c72 admissionWaitMs=2.733
09-08 01:17:43.144  3095  4282 I ChromePhotosDataPlane: phase=worker_ready correlationId=c73 admissionWaitMs=2.254
09-08 01:17:43.249  3095  4512 I ChromePhotosDataPlane: phase=media_shield_document origin=real hostClass=network hostHash=191347bfe55d0ca9 result=transformed documentSequence=5 navigationSequence=3 token=e9215937bb74 bytesOut=167157 upstreamHeadersMs=64.500 documentDecisionMs=35.938 downstreamWriteMs=1.388
09-08 01:17:43.280  3095  4382 I ChromePhotosDataPlane: phase=worker_ready correlationId=c74 admissionWaitMs=0.296
09-08 01:17:43.287  3095  4428 I ChromePhotosDataPlane: phase=worker_ready correlationId=c75 admissionWaitMs=0.200
09-08 01:17:43.377  3095  4571 I ChromePhotosDataPlane: phase=tls_ready correlationId=c44 hostClass=network hostHash=0f165ff6c05ff65a clientProtocol=http/1.1 ca=ff56b2f4265f0377
09-08 01:17:43.377  3095  4560 I ChromePhotosDataPlane: phase=tls_ready correlationId=c42 hostClass=network hostHash=100d2a11512096b7 clientProtocol=http/1.1 ca=ff56b2f4265f0377
09-08 01:17:43.388  3095  4570 I ChromePhotosDataPlane: phase=tls_ready correlationId=c43 hostClass=network hostHash=0f165ff6c05ff65a clientProtocol=http/1.1 ca=ff56b2f4265f0377
09-08 01:17:43.431  3095  4537 I ChromePhotosDataPlane: origin=real hostClass=network hostHash=abf8fbf760ef2a86 method=GET clientProtocol=http/1.1 upstreamProtocol=h2 status=200 contentType=image/png bytesIn=0 bytesOut=6303 cache=miss decision=unknown reason=encoded_image_unsupported source=error probability=-1.0 basis=none decodeMs=0.000 inferenceMs=0.000 localDecisionMs=0.000  requestToDeliveryMs=320.592 upstreamHeadersMs=315.892 sanitizeMs=0.374 downstreamWriteMs=1.545
09-08 01:17:43.556  3095  4583 I ChromePhotosDataPlane: phase=tls_ready correlationId=c45 hostClass=network hostHash=a817ab236a289c0c clientProtocol=http/1.1 ca=ff56b2f4265f0377
09-08 01:17:43.560  3095  4591 I ChromePhotosDataPlane: phase=tls_ready correlationId=c49 hostClass=network hostHash=a817ab236a289c0c clientProtocol=http/1.1 ca=ff56b2f4265f0377
09-08 01:17:43.567  3095  4590 I ChromePhotosDataPlane: phase=tls_ready correlationId=c48 hostClass=network hostHash=a817ab236a289c0c clientProtocol=http/1.1 ca=ff56b2f4265f0377
09-08 01:17:43.578  3095  4588 I ChromePhotosDataPlane: phase=tls_ready correlationId=c46 hostClass=network hostHash=a817ab236a289c0c clientProtocol=http/1.1 ca=ff56b2f4265f0377
09-08 01:17:43.585  3095  4589 I ChromePhotosDataPlane: phase=tls_ready correlationId=c47 hostClass=network hostHash=a817ab236a289c0c clientProtocol=http/1.1 ca=ff56b2f4265f0377
09-08 01:17:43.680  3095  4537 I ChromePhotosDataPlane: origin=real hostClass=network hostHash=abf8fbf760ef2a86 method=GET clientProtocol=http/1.1 upstreamProtocol=h2 status=200 contentType=image/png bytesIn=0 bytesOut=6303 cache=miss decision=unknown reason=encoded_image_unsupported source=error probability=-1.0 basis=none decodeMs=0.000 inferenceMs=0.000 localDecisionMs=0.000  requestToDeliveryMs=210.925 upstreamHeadersMs=209.490 sanitizeMs=0.074 downstreamWriteMs=0.416
09-08 01:17:43.955  3095  4537 I ChromePhotosDataPlane: origin=real hostClass=network hostHash=abf8fbf760ef2a86 method=GET clientProtocol=http/1.1 upstreamProtocol=h2 status=200 contentType=image/png bytesIn=0 bytesOut=6303 cache=miss decision=unknown reason=encoded_image_unsupported source=error probability=-1.0 basis=none decodeMs=0.000 inferenceMs=0.000 localDecisionMs=0.000  requestToDeliveryMs=215.690 upstreamHeadersMs=208.966 sanitizeMs=0.371 downstreamWriteMs=1.589
09-08 01:17:44.016  3095  4600 I ChromePhotosDataPlane: phase=tls_ready correlationId=c51 hostClass=network hostHash=4dce8d0b280a268f clientProtocol=http/1.1 ca=ff56b2f4265f0377
09-08 01:17:44.243  3095  4601 I ChromePhotosDataPlane: phase=tls_ready correlationId=c52 hostClass=network hostHash=e2dd3580aeebec64 clientProtocol=http/1.1 ca=ff56b2f4265f0377
09-08 01:17:44.251  3095  4537 I ChromePhotosDataPlane: origin=real hostClass=network hostHash=abf8fbf760ef2a86 method=GET clientProtocol=http/1.1 upstreamProtocol=h2 status=200 contentType=image/png bytesIn=0 bytesOut=6303 cache=miss decision=unknown reason=encoded_image_unsupported source=error probability=-1.0 basis=none decodeMs=0.000 inferenceMs=0.000 localDecisionMs=0.000  requestToDeliveryMs=235.703 upstreamHeadersMs=223.678 sanitizeMs=0.454 downstreamWriteMs=1.234
09-08 01:17:44.298  3095  4560 I ChromePhotosDataPlane: origin=real hostClass=network hostHash=100d2a11512096b7 method=OPTIONS clientProtocol=http/1.1 upstreamProtocol=h2 status=204 contentType= bytesOut=0 transfer=fixed upstreamHeadersMs=916.723 downstreamWriteMs=1.112
09-08 01:17:44.396  3095  4601 I ChromePhotosDataPlane: origin=real hostClass=network hostHash=e2dd3580aeebec64 method=GET clientProtocol=http/1.1 upstreamProtocol=h2 status=302 contentType= bytesIn=0 bytesOut=0 cache=miss decision=passthrough  requestToDeliveryMs=144.666 upstreamHeadersMs=139.245 sanitizeMs=0.589 downstreamWriteMs=1.520
09-08 01:17:44.431  3095  4599 I ChromePhotosDataPlane: phase=tls_ready correlationId=c50 hostClass=network hostHash=a2a6d789aa872a52 clientProtocol=http/1.1 ca=ff56b2f4265f0377
09-08 01:17:44.541  3095  4537 I ChromePhotosDataPlane: origin=real hostClass=network hostHash=abf8fbf760ef2a86 method=GET clientProtocol=http/1.1 upstreamProtocol=h2 status=200 contentType=image/png bytesIn=0 bytesOut=6303 cache=miss decision=unknown reason=encoded_image_unsupported source=error probability=-1.0 basis=none decodeMs=0.000 inferenceMs=0.000 localDecisionMs=0.000  requestToDeliveryMs=246.577 upstreamHeadersMs=235.001 sanitizeMs=0.408 downstreamWriteMs=2.061
09-08 01:17:44.549  3095  4599 I ChromePhotosDataPlane: origin=real hostClass=network hostHash=a2a6d789aa872a52 method=GET clientProtocol=http/1.1 upstreamProtocol=h2 status=200 contentType=application/javascript bytesOut=5823 transfer=chunked upstreamHeadersMs=109.556 downstreamWriteMs=3.316
09-08 01:17:44.652  3095  4306 I ChromePhotosDataPlane: phase=worker_ready correlationId=c76 admissionWaitMs=1221.825
09-08 01:17:44.671  3095  4600 I ChromePhotosDataPlane: phase=media_shield_document origin=real hostClass=network hostHash=4dce8d0b280a268f result=fail_closed reason=document_status_204 bytesOut=41 upstreamHeadersMs=652.059 documentDecisionMs=0.252 downstreamWriteMs=0.555
09-08 01:17:44.790  3095  4616 I ChromePhotosDataPlane: phase=tls_ready correlationId=c53 hostClass=network hostHash=f5594fab1b035ec0 clientProtocol=http/1.1 ca=ff56b2f4265f0377
09-08 01:17:44.920  3095  4312 I ChromePhotosDataPlane: phase=worker_ready correlationId=c77 admissionWaitMs=605.419
09-08 01:17:44.955  3095  4314 I ChromePhotosDataPlane: phase=worker_ready correlationId=c78 admissionWaitMs=276.705
09-08 01:17:45.030  3095  4310 I ChromePhotosDataPlane: phase=worker_ready correlationId=c79 admissionWaitMs=304.210
09-08 01:17:45.051  3095  4600 I ChromePhotosDataPlane: phase=media_shield_document origin=real hostClass=network hostHash=4dce8d0b280a268f result=fail_closed reason=document_status_204 bytesOut=41 upstreamHeadersMs=335.340 documentDecisionMs=0.164 downstreamWriteMs=1.188
09-08 01:17:45.106  3095  4616 I ChromePhotosDataPlane: origin=real hostClass=network hostHash=f5594fab1b035ec0 method=GET clientProtocol=http/1.1 upstreamProtocol=h2 status=200 contentType=application/javascript bytesOut=2457 transfer=fixed upstreamHeadersMs=312.677 downstreamWriteMs=0.619
09-08 01:17:45.142  3095  4621 I ChromePhotosDataPlane: phase=tls_ready correlationId=c54 hostClass=network hostHash=ee8cdc867bba487e clientProtocol=http/1.1 ca=ff56b2f4265f0377
09-08 01:17:45.305  3095  4621 I ChromePhotosDataPlane: origin=real hostClass=network hostHash=ee8cdc867bba487e method=POST clientProtocol=http/1.1 upstreamProtocol=h2 status=204 contentType=text/html bytesOut=0 transfer=fixed upstreamHeadersMs=158.136 downstreamWriteMs=0.982
09-08 01:17:45.342  3095  4621 I ChromePhotosDataPlane: phase=worker_ready correlationId=c80 admissionWaitMs=0.628
09-08 01:17:45.657  3095  4616 I ChromePhotosDataPlane: origin=real hostClass=network hostHash=f5594fab1b035ec0 method=POST clientProtocol=http/1.1 upstreamProtocol=h2 status=200 contentType= bytesOut=0 transfer=fixed upstreamHeadersMs=280.548 downstreamWriteMs=1.681
09-08 01:17:45.952  3095  4639 I ChromePhotosDataPlane: phase=tls_ready correlationId=c55 hostClass=network hostHash=a599aeb3c7c1dfa5 clientProtocol=http/1.1 ca=ff56b2f4265f0377
09-08 01:17:46.069  3095  4307 I ChromePhotosDataPlane: phase=worker_ready correlationId=c81 admissionWaitMs=700.761
09-08 01:17:46.161  3095  4616 I ChromePhotosDataPlane: origin=real hostClass=network hostHash=f5594fab1b035ec0 method=POST clientProtocol=http/1.1 upstreamProtocol=h2 status=200 contentType= bytesOut=0 transfer=fixed upstreamHeadersMs=488.077 downstreamWriteMs=1.906
09-08 01:17:46.462  3095  4616 I ChromePhotosDataPlane: origin=real hostClass=network hostHash=f5594fab1b035ec0 method=POST clientProtocol=http/1.1 upstreamProtocol=h2 status=200 contentType= bytesOut=0 transfer=fixed upstreamHeadersMs=281.629 downstreamWriteMs=1.295
09-08 01:17:46.526  3095  4642 I ChromePhotosDataPlane: phase=tls_ready correlationId=c57 hostClass=network hostHash=7ffe8698ca81d914 clientProtocol=http/1.1 ca=ff56b2f4265f0377
09-08 01:17:46.709  3095  4642 I ChromePhotosDataPlane: origin=real hostClass=network hostHash=7ffe8698ca81d914 method=GET clientProtocol=http/1.1 upstreamProtocol=h2 status=200 contentType=image/png bytesIn=42 bytesOut=6303 cache=miss decision=unknown reason=unsupported_gif source=error probability=-1.0 basis=none decodeMs=0.000 inferenceMs=0.000 localDecisionMs=0.000  requestToDeliveryMs=178.717 upstreamHeadersMs=174.804 sanitizeMs=1.045 downstreamWriteMs=0.873
09-08 01:17:46.843  3095  4640 I ChromePhotosDataPlane: phase=tls_ready correlationId=c56 hostClass=network hostHash=505bd18b6650e44b clientProtocol=http/1.1 ca=ff56b2f4265f0377
09-08 01:17:47.009  3095  4640 I ChromePhotosDataPlane: origin=real hostClass=network hostHash=505bd18b6650e44b method=POST clientProtocol=http/1.1 upstreamProtocol=h2 status=204 contentType=text/plain bytesOut=0 transfer=fixed upstreamHeadersMs=159.212 downstreamWriteMs=1.360
09-08 01:17:47.015  3095  4640 I ChromePhotosDataPlane: phase=worker_ready correlationId=c82 admissionWaitMs=1398.691
09-08 01:17:47.241  3095  4652 I ChromePhotosDataPlane: phase=tls_ready correlationId=c58 hostClass=network hostHash=0f165ff6c05ff65a clientProtocol=http/1.1 ca=ff56b2f4265f0377
09-08 01:17:47.264  3095  4653 I ChromePhotosDataPlane: phase=tls_ready correlationId=c59 hostClass=network hostHash=0f165ff6c05ff65a clientProtocol=http/1.1 ca=ff56b2f4265f0377
09-08 01:17:47.684  3095  4659 I ChromePhotosDataPlane: phase=tls_ready correlationId=c60 hostClass=network hostHash=191347bfe55d0ca9 clientProtocol=http/1.1 ca=ff56b2f4265f0377
09-08 01:17:47.706  3095  4661 I ChromePhotosDataPlane: phase=tls_ready correlationId=c61 hostClass=network hostHash=191347bfe55d0ca9 clientProtocol=http/1.1 ca=ff56b2f4265f0377
09-08 01:17:47.707  3095  4662 I ChromePhotosDataPlane: phase=tls_ready correlationId=c62 hostClass=network hostHash=191347bfe55d0ca9 clientProtocol=http/1.1 ca=ff56b2f4265f0377
09-08 01:17:47.850  3095  4663 I ChromePhotosDataPlane: phase=tls_ready correlationId=c63 hostClass=network hostHash=abf8fbf760ef2a86 clientProtocol=http/1.1 ca=ff56b2f4265f0377
09-08 01:17:47.889  3095  4378 I ChromePhotosDataPlane: origin=real hostClass=network hostHash=e1bb38766871feb8 method=GET clientProtocol=http/1.1 upstreamProtocol=h2 status=200 contentType=image/webp bytesIn=579250 bytesOut=579250 cache=miss decision=safe reason=model_allow source=engine probability=0.0022100806 basis=None decodeMs=40.892 inferenceMs=131.132 localDecisionMs=173.397  requestToDeliveryMs=542.898 upstreamHeadersMs=143.816 sanitizeMs=392.671 downstreamWriteMs=3.846
09-08 01:17:47.899  3095  4662 I ChromePhotosDataPlane: origin=real hostClass=network hostHash=191347bfe55d0ca9 method=POST clientProtocol=http/1.1 upstreamProtocol=h2 status=200 contentType=text/plain bytesOut=0 transfer=fixed upstreamHeadersMs=180.637 downstreamWriteMs=2.459
09-08 01:17:47.904  3095  4659 I ChromePhotosDataPlane: origin=real hostClass=network hostHash=191347bfe55d0ca9 method=POST clientProtocol=http/1.1 upstreamProtocol=h2 status=200 contentType=text/plain bytesOut=0 transfer=fixed upstreamHeadersMs=206.518 downstreamWriteMs=2.349
09-08 01:17:48.038  3095  4668 I ChromePhotosDataPlane: phase=tls_ready correlationId=c64 hostClass=network hostHash=38b36076ca933259 clientProtocol=http/1.1 ca=ff56b2f4265f0377
09-08 01:17:48.301  3095  4668 I ChromePhotosDataPlane: origin=real hostClass=network hostHash=38b36076ca933259 method=GET clientProtocol=http/1.1 upstreamProtocol=http/1.1 status=200 contentType=application/x-javascript bytesOut=586 transfer=fixed upstreamHeadersMs=257.537 downstreamWriteMs=1.829
09-08 01:17:48.381  3095  4148 I ChromePhotosDataPlane: phase=tls_ready correlationId=c65 hostClass=network hostHash=4dce8d0b280a268f clientProtocol=http/1.1 ca=ff56b2f4265f0377
09-08 01:17:48.401  3095  4164 I ChromePhotosDataPlane: phase=tls_ready correlationId=c67 hostClass=network hostHash=abf8fbf760ef2a86 clientProtocol=http/1.1 ca=ff56b2f4265f0377
09-08 01:17:48.491  3095  4662 I ChromePhotosDataPlane: phase=worker_ready correlationId=c83 admissionWaitMs=0.530
09-08 01:17:48.935  3095  4192 I ChromePhotosDataPlane: phase=tls_ready correlationId=c66 hostClass=network hostHash=b5c4d3f9fde897ed clientProtocol=http/1.1 ca=ff56b2f4265f0377
09-08 01:17:49.304  3095  4165 I ChromePhotosDataPlane: phase=tls_ready correlationId=c68 hostClass=network hostHash=acb222ec7473b00e clientProtocol=http/1.1 ca=ff56b2f4265f0377
09-08 01:17:49.524  3095  4213 I ChromePhotosDataPlane: phase=tls_ready correlationId=c69 hostClass=network hostHash=4172597e1d9e2600 clientProtocol=http/1.1 ca=ff56b2f4265f0377
09-08 01:17:49.822  3095  4233 I ChromePhotosDataPlane: phase=tls_ready correlationId=c70 hostClass=network hostHash=2a933d2460faea37 clientProtocol=http/1.1 ca=ff56b2f4265f0377
09-08 01:17:49.841  3095  4268 I ChromePhotosDataPlane: phase=tls_ready correlationId=c71 hostClass=network hostHash=abf8fbf760ef2a86 clientProtocol=http/1.1 ca=ff56b2f4265f0377
09-08 01:17:49.910  3095  4192 I ChromePhotosDataPlane: origin=real hostClass=network hostHash=b5c4d3f9fde897ed method=OPTIONS clientProtocol=http/1.1 upstreamProtocol=h2 status=200 contentType=application/json bytesOut=0 transfer=fixed upstreamHeadersMs=970.447 downstreamWriteMs=1.146
09-08 01:17:49.935  3095  4233 I ChromePhotosDataPlane: origin=real hostClass=network hostHash=2a933d2460faea37 method=GET clientProtocol=http/1.1 upstreamProtocol=h2 status=302 contentType= bytesIn=0 bytesOut=0 cache=miss decision=passthrough  requestToDeliveryMs=111.913 upstreamHeadersMs=110.600 sanitizeMs=0.206 downstreamWriteMs=0.270
09-08 01:17:49.947  3095  4659 I ChromePhotosDataPlane: phase=worker_ready correlationId=c84 admissionWaitMs=0.268
09-08 01:17:50.114  3095  4306 I ChromePhotosDataPlane: phase=tls_ready correlationId=c76 hostClass=network hostHash=abf8fbf760ef2a86 clientProtocol=http/1.1 ca=ff56b2f4265f0377
09-08 01:17:50.114  3095  4269 I ChromePhotosDataPlane: phase=tls_ready correlationId=c72 hostClass=network hostHash=80255870a6218fe0 clientProtocol=http/1.1 ca=ff56b2f4265f0377
09-08 01:17:50.115  3095  4382 I ChromePhotosDataPlane: phase=tls_ready correlationId=c74 hostClass=network hostHash=80255870a6218fe0 clientProtocol=http/1.1 ca=ff56b2f4265f0377
09-08 01:17:50.116  3095  4428 I ChromePhotosDataPlane: phase=tls_ready correlationId=c75 hostClass=network hostHash=80255870a6218fe0 clientProtocol=http/1.1 ca=ff56b2f4265f0377
09-08 01:17:50.131  3095  4282 I ChromePhotosDataPlane: phase=tls_ready correlationId=c73 hostClass=network hostHash=80255870a6218fe0 clientProtocol=http/1.1 ca=ff56b2f4265f0377
09-08 01:17:50.139  3095  4192 I ChromePhotosDataPlane: origin=real hostClass=network hostHash=b5c4d3f9fde897ed method=POST clientProtocol=http/1.1 upstreamProtocol=h2 status=200 contentType=application/json bytesOut=0 transfer=fixed upstreamHeadersMs=223.207 downstreamWriteMs=0.684
09-08 01:17:50.242  3095  4213 I ChromePhotosDataPlane: origin=real hostClass=network hostHash=4172597e1d9e2600 method=OPTIONS clientProtocol=http/1.1 upstreamProtocol=h2 status=200 contentType= bytesOut=0 transfer=fixed upstreamHeadersMs=714.677 downstreamWriteMs=0.904
09-08 01:17:50.400  3095  4382 I ChromePhotosDataPlane: origin=real hostClass=network hostHash=80255870a6218fe0 method=GET clientProtocol=http/1.1 upstreamProtocol=h2 status=200 contentType=text/javascript bytesOut=354184 transfer=fixed upstreamHeadersMs=166.686 downstreamWriteMs=114.527
09-08 01:17:50.434  3095  4282 I ChromePhotosDataPlane: origin=real hostClass=network hostHash=80255870a6218fe0 method=GET clientProtocol=http/1.1 upstreamProtocol=h2 status=200 contentType=text/javascript bytesOut=354184 transfer=fixed upstreamHeadersMs=276.120 downstreamWriteMs=24.628
09-08 01:17:50.564  3095  4312 I ChromePhotosDataPlane: phase=tls_ready correlationId=c77 hostClass=network hostHash=100d2a11512096b7 clientProtocol=http/1.1 ca=ff56b2f4265f0377
09-08 01:17:50.860  3095  4314 I ChromePhotosDataPlane: phase=tls_ready correlationId=c78 hostClass=network hostHash=7821c0806d01242c clientProtocol=http/1.1 ca=ff56b2f4265f0377
09-08 01:17:51.172  3095  4314 I ChromePhotosDataPlane: origin=real hostClass=network hostHash=7821c0806d01242c method=GET clientProtocol=http/1.1 upstreamProtocol=h2 status=204 contentType= bytesOut=0 transfer=fixed upstreamHeadersMs=309.156 downstreamWriteMs=0.330
09-08 01:17:51.219  3095  4310 I ChromePhotosDataPlane: phase=tls_ready correlationId=c79 hostClass=network hostHash=a817ab236a289c0c clientProtocol=http/1.1 ca=ff56b2f4265f0377
09-08 01:17:51.422  3095  4621 I ChromePhotosDataPlane: phase=tls_ready correlationId=c80 hostClass=network hostHash=0843c9b16155ccbe clientProtocol=http/1.1 ca=ff56b2f4265f0377
09-08 01:17:51.468  3095  4310 I ChromePhotosDataPlane: origin=real hostClass=network hostHash=a817ab236a289c0c method=GET clientProtocol=http/1.1 upstreamProtocol=h2 status=304 contentType= bytesOut=0 transfer=fixed upstreamHeadersMs=245.425 downstreamWriteMs=0.722
09-08 01:17:51.526  3095  4312 I ChromePhotosDataPlane: origin=real hostClass=network hostHash=100d2a11512096b7 method=POST clientProtocol=http/1.1 upstreamProtocol=h2 status=204 contentType= bytesOut=0 transfer=fixed upstreamHeadersMs=957.212 downstreamWriteMs=1.046
09-08 01:17:51.593  3095  4428 I ChromePhotosDataPlane: origin=real hostClass=network hostHash=80255870a6218fe0 method=GET clientProtocol=http/1.1 upstreamProtocol=h2 status=200 contentType=image/png bytesIn=2228 bytesOut=2228 cache=miss decision=safe reason=model_allow source=engine probability=0.025308132 basis=None decodeMs=9.922 inferenceMs=156.060 localDecisionMs=167.209  requestToDeliveryMs=196.370 upstreamHeadersMs=25.041 sanitizeMs=167.912 downstreamWriteMs=1.119
09-08 01:17:51.593  3095  4269 I ChromePhotosDataPlane: origin=real hostClass=network hostHash=80255870a6218fe0 method=GET clientProtocol=http/1.1 upstreamProtocol=h2 status=200 contentType=image/png bytesIn=2228 bytesOut=2228 cache=miss decision=safe reason=model_allow source=inflight probability=0.025308132 basis=None decodeMs=9.922 inferenceMs=156.060 localDecisionMs=152.681  requestToDeliveryMs=179.225 upstreamHeadersMs=22.359 sanitizeMs=153.436 downstreamWriteMs=1.118
09-08 01:17:51.729  3095  4621 I ChromePhotosDataPlane: origin=real hostClass=network hostHash=0843c9b16155ccbe method=POST clientProtocol=http/1.1 upstreamProtocol=h2 status=200 contentType= bytesOut=0 transfer=fixed upstreamHeadersMs=303.949 downstreamWriteMs=0.407
09-08 01:17:51.821  3095  4307 I ChromePhotosDataPlane: phase=tls_ready correlationId=c81 hostClass=network hostHash=f5594fab1b035ec0 clientProtocol=http/1.1 ca=ff56b2f4265f0377
09-08 01:17:51.840  3095  4640 I ChromePhotosDataPlane: phase=tls_ready correlationId=c82 hostClass=network hostHash=f5594fab1b035ec0 clientProtocol=http/1.1 ca=ff56b2f4265f0377
09-08 01:17:52.191  3095  4662 I ChromePhotosDataPlane: phase=tls_ready correlationId=c83 hostClass=network hostHash=fb66c9c8cfe48aef clientProtocol=http/1.1 ca=ff56b2f4265f0377
09-08 01:17:52.540  3095  4659 I ChromePhotosDataPlane: phase=tls_ready correlationId=c84 hostClass=network hostHash=cebab728d0c21358 clientProtocol=http/1.1 ca=ff56b2f4265f0377
09-08 01:17:52.858  3095  4659 I ChromePhotosDataPlane: origin=real hostClass=network hostHash=cebab728d0c21358 method=GET clientProtocol=http/1.1 upstreamProtocol=h2 status=200 contentType=image/jpeg bytesIn=13887 bytesOut=13887 cache=miss decision=safe reason=model_allow source=engine probability=0.041383058 basis=None decodeMs=20.450 inferenceMs=142.331 localDecisionMs=164.582  requestToDeliveryMs=315.148 upstreamHeadersMs=140.054 sanitizeMs=169.231 downstreamWriteMs=1.860
09-08 01:17:52.868  3095  4662 I ChromePhotosDataPlane: origin=real hostClass=network hostHash=fb66c9c8cfe48aef method=POST clientProtocol=http/1.1 upstreamProtocol=http/1.1 status=204 contentType= bytesOut=0 transfer=fixed upstreamHeadersMs=672.316 downstreamWriteMs=0.896
09-08 01:17:53.275  3095  4537 I ChromePhotosDataPlane: origin=real hostClass=network hostHash=abf8fbf760ef2a86 method=GET clientProtocol=http/1.1 upstreamProtocol=h2 status=200 contentType=image/png bytesIn=0 bytesOut=6303 cache=miss decision=unknown reason=encoded_image_unsupported source=error probability=-1.0 basis=none decodeMs=0.000 inferenceMs=0.000 localDecisionMs=0.000  requestToDeliveryMs=369.307 upstreamHeadersMs=360.592 sanitizeMs=0.471 downstreamWriteMs=3.862
09-08 01:17:53.344  3095  4320 W ChromePhotosDataPlane: phase=upstream_failed correlationId=c16-r19 hostClass=network hostHash=a817ab236a289c0c responseStarted=false errorResponseWritten=true error=IOException
09-08 01:17:53.345  3095  4320 I ChromePhotosDataPlane: phase=worker_ready correlationId=c85 admissionWaitMs=3135.064
09-08 01:17:53.900  3095  4320 I ChromePhotosDataPlane: phase=tls_ready correlationId=c85 hostClass=network hostHash=b37d6661baab456a clientProtocol=http/1.1 ca=ff56b2f4265f0377
09-08 01:17:54.204  3095  4320 I ChromePhotosDataPlane: origin=real hostClass=network hostHash=b37d6661baab456a method=POST clientProtocol=http/1.1 upstreamProtocol=h2 status=200 contentType=application/json bytesOut=779 transfer=fixed upstreamHeadersMs=300.473 downstreamWriteMs=1.021
09-08 01:17:56.093  3095  4616 I ChromePhotosDataPlane: origin=real hostClass=network hostHash=f5594fab1b035ec0 method=POST clientProtocol=http/1.1 upstreamProtocol=h2 status=200 contentType= bytesOut=0 transfer=fixed upstreamHeadersMs=679.881 downstreamWriteMs=2.902
09-08 01:17:57.170  3095  4315 I ChromePhotosDataPlane: phase=worker_ready correlationId=c86 admissionWaitMs=5769.529
09-08 01:17:57.437  3095  4315 I ChromePhotosDataPlane: phase=tls_ready correlationId=c86 hostClass=network hostHash=7df7caa0a5579e01 clientProtocol=http/1.1 ca=ff56b2f4265f0377
09-08 01:17:57.635  3095  4315 I ChromePhotosDataPlane: origin=real hostClass=network hostHash=7df7caa0a5579e01 method=GET clientProtocol=http/1.1 upstreamProtocol=h2 status=200 contentType=font/woff2 bytesOut=34668 transfer=fixed upstreamHeadersMs=143.865 downstreamWriteMs=48.301
09-08 01:17:57.703  3095  4315 I ChromePhotosDataPlane: origin=real hostClass=network hostHash=7df7caa0a5579e01 method=GET clientProtocol=http/1.1 upstreamProtocol=h2 status=200 contentType=font/woff2 bytesOut=34668 transfer=fixed upstreamHeadersMs=28.727 downstreamWriteMs=16.193
09-08 01:17:57.883  3095  4328 I ChromePhotosDataPlane: phase=worker_ready correlationId=c87 admissionWaitMs=6466.412
09-08 01:17:57.910  3095  4328 I ChromePhotosDataPlane: phase=tls_ready correlationId=c87 hostClass=network hostHash=7df7caa0a5579e01 clientProtocol=http/1.1 ca=ff56b2f4265f0377
09-08 01:17:58.006  3095  4583 I ChromePhotosDataPlane: origin=real hostClass=network hostHash=a817ab236a289c0c method=GET clientProtocol=http/1.1 upstreamProtocol=h2 status=301 contentType= bytesIn=0 bytesOut=0 cache=miss decision=passthrough  requestToDeliveryMs=122.036 upstreamHeadersMs=116.415 sanitizeMs=0.824 downstreamWriteMs=2.349
09-08 01:17:58.551  3095  4326 I ChromePhotosDataPlane: phase=worker_ready correlationId=c88 admissionWaitMs=7075.662
09-08 01:17:58.614  3095  4591 I ChromePhotosDataPlane: origin=real hostClass=network hostHash=a817ab236a289c0c method=GET clientProtocol=http/1.1 upstreamProtocol=h2 status=200 contentType=image/png bytesIn=4802 bytesOut=4802 cache=miss decision=safe reason=model_allow source=engine probability=0.026429802 basis=None decodeMs=6.221 inferenceMs=133.065 localDecisionMs=141.067  requestToDeliveryMs=727.831 upstreamHeadersMs=572.463 sanitizeMs=146.098 downstreamWriteMs=2.589
09-08 01:17:58.614  3095  4383 I ChromePhotosDataPlane: phase=worker_ready correlationId=c89 admissionWaitMs=803.461
09-08 01:17:58.744  3095  4590 I ChromePhotosDataPlane: origin=real hostClass=network hostHash=a817ab236a289c0c method=GET clientProtocol=http/1.1 upstreamProtocol=h2 status=200 contentType=image/png bytesIn=3584 bytesOut=3584 cache=miss decision=safe reason=model_allow source=engine probability=0.026260942 basis=None decodeMs=2.905 inferenceMs=130.851 localDecisionMs=273.830  requestToDeliveryMs=853.868 upstreamHeadersMs=570.582 sanitizeMs=277.608 downstreamWriteMs=1.829
09-08 01:17:58.780  3095  4379 I ChromePhotosDataPlane: phase=worker_ready correlationId=c90 admissionWaitMs=888.988
09-08 01:17:58.845  3095  4326 I ChromePhotosDataPlane: phase=tls_ready correlationId=c88 hostClass=network hostHash=816c1c4228e457b0 clientProtocol=http/1.1 ca=ff56b2f4265f0377
09-08 01:17:59.100  3095  4326 I ChromePhotosDataPlane: origin=real hostClass=network hostHash=816c1c4228e457b0 method=POST clientProtocol=http/1.1 upstreamProtocol=h2 status=200 contentType=application/javascript bytesOut=0 transfer=fixed upstreamHeadersMs=252.752 downstreamWriteMs=0.387
09-08 01:17:59.204  3095  4381 I ChromePhotosDataPlane: phase=worker_ready correlationId=c91 admissionWaitMs=1195.377
09-08 01:17:59.355  3095  4383 I ChromePhotosDataPlane: phase=tls_ready correlationId=c89 hostClass=network hostHash=fc1e48f201e43606 clientProtocol=http/1.1 ca=ff56b2f4265f0377
09-08 01:17:59.409  3095  4512 I ChromePhotosDataPlane: phase=media_shield_document origin=real hostClass=network hostHash=191347bfe55d0ca9 result=transformed documentSequence=6 navigationSequence=3 token=475353386ed6 bytesOut=167168 upstreamHeadersMs=178.058 documentDecisionMs=78.872 downstreamWriteMs=1.622
09-08 01:17:59.676  3095  4269 I ChromePhotosDataPlane: origin=real hostClass=network hostHash=80255870a6218fe0 method=GET clientProtocol=http/1.1 upstreamProtocol=h2 status=200 contentType=text/javascript bytesOut=354184 transfer=fixed upstreamHeadersMs=123.666 downstreamWriteMs=95.381
09-08 01:17:59.712  3095  4379 I ChromePhotosDataPlane: phase=tls_ready correlationId=c90 hostClass=network hostHash=acb222ec7473b00e clientProtocol=http/1.1 ca=ff56b2f4265f0377
09-08 01:17:59.874  3095  4379 I ChromePhotosDataPlane: origin=real hostClass=network hostHash=acb222ec7473b00e method=GET clientProtocol=http/1.1 upstreamProtocol=h2 status=302 contentType= bytesIn=0 bytesOut=0 cache=miss decision=passthrough  requestToDeliveryMs=157.666 upstreamHeadersMs=155.008 sanitizeMs=0.451 downstreamWriteMs=0.502
09-08 01:17:59.883  3095  4399 I ChromePhotosDataPlane: phase=worker_ready correlationId=c92 admissionWaitMs=0.329
09-08 01:18:00.075  3095  4383 I ChromePhotosDataPlane: origin=real hostClass=network hostHash=fc1e48f201e43606 method=POST clientProtocol=http/1.1 upstreamProtocol=h2 status=200 contentType=application/json bytesOut=0 transfer=fixed upstreamHeadersMs=717.404 downstreamWriteMs=0.427
09-08 01:18:00.262  3095  4269 I ChromePhotosDataPlane: origin=real hostClass=network hostHash=80255870a6218fe0 method=GET clientProtocol=http/1.1 upstreamProtocol=h2 status=200 contentType=image/png bytesIn=2228 bytesOut=2228 cache=hit decision=safe reason=model_allow source=cache probability=0.025308132 basis=None decodeMs=0.000 inferenceMs=0.000 localDecisionMs=0.063  requestToDeliveryMs=29.968 upstreamHeadersMs=24.998 sanitizeMs=1.456 downstreamWriteMs=1.229
09-08 01:18:00.265  3095  4381 I ChromePhotosDataPlane: phase=tls_ready correlationId=c91 hostClass=network hostHash=06b8da9fa0c99ee7 clientProtocol=http/1.1 ca=ff56b2f4265f0377
09-08 01:18:00.404  3095  4315 I ChromePhotosDataPlane: origin=real hostClass=network hostHash=7df7caa0a5579e01 method=GET clientProtocol=http/1.1 upstreamProtocol=h2 status=200 contentType=font/woff2 bytesOut=34668 transfer=fixed upstreamHeadersMs=147.504 downstreamWriteMs=18.059
09-08 01:18:00.512  3095  4381 I ChromePhotosDataPlane: origin=real hostClass=network hostHash=06b8da9fa0c99ee7 method=GET clientProtocol=http/1.1 upstreamProtocol=h2 status=200 contentType=image/png bytesIn=1403 bytesOut=1403 cache=miss decision=safe reason=model_allow source=engine probability=0.019720882 basis=None decodeMs=3.191 inferenceMs=130.442 localDecisionMs=134.519  requestToDeliveryMs=244.545 upstreamHeadersMs=103.014 sanitizeMs=136.469 downstreamWriteMs=1.709
09-08 01:18:00.537  3095  4399 I ChromePhotosDataPlane: phase=tls_ready correlationId=c92 hostClass=network hostHash=db116db5f2465415 clientProtocol=http/1.1 ca=ff56b2f4265f0377
09-08 01:18:01.238  3095  4399 I ChromePhotosDataPlane: origin=real hostClass=network hostHash=db116db5f2465415 method=GET clientProtocol=http/1.1 upstreamProtocol=h2 status=200 contentType=image/png bytesIn=397 bytesOut=6303 cache=miss decision=unknown reason=image_format_unknown source=error probability=-1.0 basis=none decodeMs=0.000 inferenceMs=0.000 localDecisionMs=0.000  requestToDeliveryMs=698.894 upstreamHeadersMs=685.662 sanitizeMs=3.473 downstreamWriteMs=6.158
09-08 01:18:02.045  3095  4512 I ChromePhotosDataPlane: phase=media_shield_document origin=real hostClass=network hostHash=191347bfe55d0ca9 result=transformed documentSequence=7 navigationSequence=3 token=381e649f095e bytesOut=167039 upstreamHeadersMs=229.118 documentDecisionMs=41.978 downstreamWriteMs=1.597
09-08 01:18:02.148  3095  4428 I ChromePhotosDataPlane: origin=real hostClass=network hostHash=80255870a6218fe0 method=GET clientProtocol=http/1.1 upstreamProtocol=h2 status=200 contentType=text/javascript bytesOut=354184 transfer=fixed upstreamHeadersMs=50.992 downstreamWriteMs=27.201
09-08 01:18:02.863  3095  4417 I ChromePhotosDataPlane: phase=worker_ready correlationId=c93 admissionWaitMs=0.337
09-08 01:18:02.932  3095  4428 I ChromePhotosDataPlane: origin=real hostClass=network hostHash=80255870a6218fe0 method=GET clientProtocol=http/1.1 upstreamProtocol=h2 status=200 contentType=image/png bytesIn=2228 bytesOut=2228 cache=hit decision=safe reason=model_allow source=cache probability=0.025308132 basis=None decodeMs=0.000 inferenceMs=0.000 localDecisionMs=0.043  requestToDeliveryMs=47.237 upstreamHeadersMs=44.182 sanitizeMs=1.049 downstreamWriteMs=0.408
09-08 01:18:02.947  3095  4315 I ChromePhotosDataPlane: origin=real hostClass=network hostHash=7df7caa0a5579e01 method=GET clientProtocol=http/1.1 upstreamProtocol=h2 status=200 contentType=font/woff2 bytesOut=34668 transfer=fixed upstreamHeadersMs=41.591 downstreamWriteMs=15.902
09-08 01:18:03.248  3095  4417 I ChromePhotosDataPlane: phase=tls_ready correlationId=c93 hostClass=network hostHash=505bd18b6650e44b clientProtocol=http/1.1 ca=ff56b2f4265f0377
09-08 01:18:03.398  3095  4417 I ChromePhotosDataPlane: origin=real hostClass=network hostHash=505bd18b6650e44b method=POST clientProtocol=http/1.1 upstreamProtocol=h2 status=204 contentType=text/plain bytesOut=0 transfer=fixed upstreamHeadersMs=141.784 downstreamWriteMs=1.201
